#
# There is insufficient memory for the Java Runtime Environment to continue.
# Native memory allocation (malloc) failed to allocate 1743296 bytes for Chunk::new
# Possible reasons:
#   The system is out of physical RAM or swap space
#   The process is running with CompressedOops enabled, and the Java Heap may be blocking the growth of the native heap
# Possible solutions:
#   Reduce memory load on the system
#   Increase physical memory or swap space
#   Check if swap backing store is full
#   Decrease Java heap size (-Xmx/-Xms)
#   Decrease number of Java threads
#   Decrease Java thread stack sizes (-Xss)
#   Set larger code cache with -XX:ReservedCodeCacheSize=
#   JVM is running with Unscaled Compressed Oops mode in which the Java heap is
#     placed in the first 4GB address space. The Java Heap base address is the
#     maximum limit for the native heap growth. Please use -XX:HeapBaseMinAddress
#     to set the Java Heap base and to place the Java Heap above 4GB virtual address.
# This output file may be truncated or incomplete.
#
#  Out of Memory Error (arena.cpp:189), pid=36760, tid=40004
#
# JRE version: Java(TM) SE Runtime Environment (17.0.12+8) (build 17.0.12+8-LTS-286)
# Java VM: Java HotSpot(TM) 64-Bit Server VM (17.0.12+8-LTS-286, mixed mode, sharing, tiered, compressed oops, compressed class ptrs, g1 gc, windows-amd64)
# No core dump will be written. Minidumps are not enabled by default on client versions of Windows
#

---------------  S U M M A R Y ------------

Command Line: --enable-native-access=ALL-UNNAMED -Dclassworlds.conf=C:\Users\arena\OneDrive\Escritorio\apache-maven-3.9.11-bin\apache-maven-3.9.11\bin\m2.conf -Dmaven.home=C:\Users\arena\OneDrive\Escritorio\apache-maven-3.9.11-bin\apache-maven-3.9.11 -Dlibrary.jansi.path=C:\Users\arena\OneDrive\Escritorio\apache-maven-3.9.11-bin\apache-maven-3.9.11\lib\jansi-native -Dmaven.multiModuleProjectDirectory=C:\Users\arena\OneDrive\Escritorio\Repositorios proyecto final ciclos\Kappa-Orders-BackEnd org.codehaus.plexus.classworlds.launcher.Launcher spring-boot:run

Host: AMD Ryzen 5 7535HS with Radeon Graphics        , 12 cores, 7G,  Windows 11 , 64 bit Build 26100 (10.0.26100.7019)
Time: Fri Dec 12 21:22:37 2025 Hora est. Pacífico, Sudamérica elapsed time: 20.789544 seconds (0d 0h 0m 20s)

---------------  T H R E A D  ---------------

Current thread (0x000001ee7aed0710):  JavaThread "C2 CompilerThread0" daemon [_thread_in_native, id=40004, stack(0x0000002ad3b00000,0x0000002ad3c00000)]


Current CompileTask:
C2:  20790 6843       4       com.sun.tools.javac.code.Symtab::lookupPackage (259 bytes)

Stack: [0x0000002ad3b00000,0x0000002ad3c00000]
Native frames: (J=compiled Java code, j=interpreted, Vv=VM code, C=native code)
V  [jvm.dll+0x67a04a]
V  [jvm.dll+0x7da4ed]
V  [jvm.dll+0x7dbe33]
V  [jvm.dll+0x7dc4a3]
V  [jvm.dll+0x24508f]
V  [jvm.dll+0xab773]
V  [jvm.dll+0xabd3c]
V  [jvm.dll+0x361bee]
V  [jvm.dll+0x32c431]
V  [jvm.dll+0x32b8ca]
V  [jvm.dll+0x21683f]
V  [jvm.dll+0x215c6f]
V  [jvm.dll+0x1a2960]
V  [jvm.dll+0x22610b]
V  [jvm.dll+0x2242ab]
V  [jvm.dll+0x79075c]
V  [jvm.dll+0x78abea]
V  [jvm.dll+0x678f35]
C  [ucrtbase.dll+0x37b0]
C  [KERNEL32.DLL+0x2e8d7]
C  [ntdll.dll+0x8c53c]


---------------  P R O C E S S  ---------------

Threads class SMR info:
_java_thread_list=0x000001ee415764e0, length=13, elements={
0x000001ee5cea3c30, 0x000001ee7aea9f60, 0x000001ee7aeaa920, 0x000001ee7aec21b0,
0x000001ee7aec2f80, 0x000001ee7aec3940, 0x000001ee7aec4300, 0x000001ee7aed0710,
0x000001ee7aed1110, 0x000001ee7aed1b10, 0x000001ee7f2759c0, 0x000001ee7f288b10,
0x000001ee416b2230
}

Java Threads: ( => current thread )
  0x000001ee5cea3c30 JavaThread "main" [_thread_in_vm, id=38568, stack(0x0000002ad2e00000,0x0000002ad2f00000)]
  0x000001ee7aea9f60 JavaThread "Reference Handler" daemon [_thread_blocked, id=12140, stack(0x0000002ad3500000,0x0000002ad3600000)]
  0x000001ee7aeaa920 JavaThread "Finalizer" daemon [_thread_blocked, id=33204, stack(0x0000002ad3600000,0x0000002ad3700000)]
  0x000001ee7aec21b0 JavaThread "Signal Dispatcher" daemon [_thread_blocked, id=36480, stack(0x0000002ad3700000,0x0000002ad3800000)]
  0x000001ee7aec2f80 JavaThread "Attach Listener" daemon [_thread_blocked, id=40532, stack(0x0000002ad3800000,0x0000002ad3900000)]
  0x000001ee7aec3940 JavaThread "Service Thread" daemon [_thread_blocked, id=14748, stack(0x0000002ad3900000,0x0000002ad3a00000)]
  0x000001ee7aec4300 JavaThread "Monitor Deflation Thread" daemon [_thread_blocked, id=14880, stack(0x0000002ad3a00000,0x0000002ad3b00000)]
=>0x000001ee7aed0710 JavaThread "C2 CompilerThread0" daemon [_thread_in_native, id=40004, stack(0x0000002ad3b00000,0x0000002ad3c00000)]
  0x000001ee7aed1110 JavaThread "C1 CompilerThread0" daemon [_thread_blocked, id=38308, stack(0x0000002ad3c00000,0x0000002ad3d00000)]
  0x000001ee7aed1b10 JavaThread "Sweeper thread" daemon [_thread_blocked, id=24256, stack(0x0000002ad3d00000,0x0000002ad3e00000)]
  0x000001ee7f2759c0 JavaThread "Notification Thread" daemon [_thread_blocked, id=35524, stack(0x0000002ad3e00000,0x0000002ad3f00000)]
  0x000001ee7f288b10 JavaThread "Common-Cleaner" daemon [_thread_blocked, id=27088, stack(0x0000002ad4000000,0x0000002ad4100000)]
  0x000001ee416b2230 JavaThread "Thread-1" daemon [_thread_blocked, id=40540, stack(0x0000002ad4900000,0x0000002ad4a00000)]

Other Threads:
  0x000001ee7ae9d5a0 VMThread "VM Thread" [stack: 0x0000002ad3400000,0x0000002ad3500000] [id=24740]
  0x000001ee7f2786c0 WatcherThread [stack: 0x0000002ad3f00000,0x0000002ad4000000] [id=39052]
  0x000001ee5cefa000 GCTaskThread "GC Thread#0" [stack: 0x0000002ad2f00000,0x0000002ad3000000] [id=9788]
  0x000001ee7f3d7c30 GCTaskThread "GC Thread#1" [stack: 0x0000002ad4200000,0x0000002ad4300000] [id=5552]
  0x000001ee7fbe8580 GCTaskThread "GC Thread#2" [stack: 0x0000002ad4300000,0x0000002ad4400000] [id=23168]
  0x000001ee7fbe5ac0 GCTaskThread "GC Thread#3" [stack: 0x0000002ad4400000,0x0000002ad4500000] [id=32476]
  0x000001ee7fbcc160 GCTaskThread "GC Thread#4" [stack: 0x0000002ad4500000,0x0000002ad4600000] [id=29484]
  0x000001ee7fbcc420 GCTaskThread "GC Thread#5" [stack: 0x0000002ad4600000,0x0000002ad4700000] [id=27072]
  0x000001ee7fcc2c10 GCTaskThread "GC Thread#6" [stack: 0x0000002ad4700000,0x0000002ad4800000] [id=25016]
  0x000001ee41164990 GCTaskThread "GC Thread#7" [stack: 0x0000002ad4100000,0x0000002ad4200000] [id=40788]
  0x000001ee7fc91670 GCTaskThread "GC Thread#8" [stack: 0x0000002ad4800000,0x0000002ad4900000] [id=9424]
  0x000001ee41533180 GCTaskThread "GC Thread#9" [stack: 0x0000002ad4a00000,0x0000002ad4b00000] [id=26176]
  0x000001ee5cf0de60 ConcurrentGCThread "G1 Main Marker" [stack: 0x0000002ad3000000,0x0000002ad3100000] [id=20264]
  0x000001ee5cf0e870 ConcurrentGCThread "G1 Conc#0" [stack: 0x0000002ad3100000,0x0000002ad3200000] [id=14980]
  0x000001ee41533c80 ConcurrentGCThread "G1 Conc#1" [stack: 0x0000002ad4b00000,0x0000002ad4c00000] [id=39272]
  0x000001ee41533f40 ConcurrentGCThread "G1 Conc#2" [stack: 0x0000002ad4c00000,0x0000002ad4d00000] [id=27560]
  0x000001ee5cf6e930 ConcurrentGCThread "G1 Refine#0" [stack: 0x0000002ad3200000,0x0000002ad3300000] [id=21068]
  0x000001ee7f4d3030 ConcurrentGCThread "G1 Refine#1" [stack: 0x0000002ad4d00000,0x0000002ad4e00000] [id=20112]
  0x000001ee7ad59540 ConcurrentGCThread "G1 Service" [stack: 0x0000002ad3300000,0x0000002ad3400000] [id=34228]

Threads with active compile tasks:
C2 CompilerThread0    20855 6843       4       com.sun.tools.javac.code.Symtab::lookupPackage (259 bytes)

VM state: not at safepoint (normal execution)

VM Mutex/Monitor currently owned by a thread: None

Heap address: 0x000000008ac00000, size: 1876 MB, Compressed Oops mode: 32-bit

CDS archive(s) mapped at: [0x000001ee00000000-0x000001ee00bd0000-0x000001ee00bd0000), size 12386304, SharedBaseAddress: 0x000001ee00000000, ArchiveRelocationMode: 1.
Compressed class space mapped at: 0x000001ee01000000-0x000001ee41000000, reserved size: 1073741824
Narrow klass base: 0x000001ee00000000, Narrow klass shift: 0, Narrow klass range: 0x100000000

GC Precious Log:
 CPUs: 12 total, 12 available
 Memory: 7498M
 Large Page Support: Disabled
 NUMA Support: Disabled
 Compressed Oops: Enabled (32-bit)
 Heap Region Size: 1M
 Heap Min Capacity: 8M
 Heap Initial Capacity: 118M
 Heap Max Capacity: 1876M
 Pre-touch: Disabled
 Parallel Workers: 10
 Concurrent Workers: 3
 Concurrent Refinement Workers: 10
 Periodic GC: Disabled

Heap:
 garbage-first heap   total 153600K, used 66587K [0x000000008ac00000, 0x0000000100000000)
  region size 1024K, 24 young (24576K), 2 survivors (2048K)
 Metaspace       used 29979K, committed 30272K, reserved 1114112K
  class space    used 3378K, committed 3520K, reserved 1048576K

Heap Regions: E=young(eden), S=young(survivor), O=old, HS=humongous(starts), HC=humongous(continues), CS=collection set, F=free, OA=open archive, CA=closed archive, TAMS=top-at-mark-start (previous, next)
|   0|0x000000008ac00000, 0x000000008ad00000, 0x000000008ad00000|100%|HS|  |TAMS 0x000000008ad00000, 0x000000008ac00000| Complete 
|   1|0x000000008ad00000, 0x000000008ae00000, 0x000000008ae00000|100%| O|  |TAMS 0x000000008ae00000, 0x000000008ad00000| Untracked 
|   2|0x000000008ae00000, 0x000000008af00000, 0x000000008af00000|100%| O|  |TAMS 0x000000008af00000, 0x000000008ae00000| Untracked 
|   3|0x000000008af00000, 0x000000008b000000, 0x000000008b000000|100%| O|  |TAMS 0x000000008b000000, 0x000000008af00000| Untracked 
|   4|0x000000008b000000, 0x000000008b100000, 0x000000008b100000|100%| O|  |TAMS 0x000000008b100000, 0x000000008b000000| Untracked 
|   5|0x000000008b100000, 0x000000008b200000, 0x000000008b200000|100%| O|  |TAMS 0x000000008b200000, 0x000000008b100000| Untracked 
|   6|0x000000008b200000, 0x000000008b300000, 0x000000008b300000|100%| O|  |TAMS 0x000000008b300000, 0x000000008b200000| Untracked 
|   7|0x000000008b300000, 0x000000008b400000, 0x000000008b400000|100%| O|  |TAMS 0x000000008b400000, 0x000000008b300000| Untracked 
|   8|0x000000008b400000, 0x000000008b500000, 0x000000008b500000|100%| O|  |TAMS 0x000000008b500000, 0x000000008b400000| Untracked 
|   9|0x000000008b500000, 0x000000008b600000, 0x000000008b600000|100%| O|  |TAMS 0x000000008b600000, 0x000000008b500000| Untracked 
|  10|0x000000008b600000, 0x000000008b700000, 0x000000008b700000|100%| O|  |TAMS 0x000000008b700000, 0x000000008b600000| Untracked 
|  11|0x000000008b700000, 0x000000008b800000, 0x000000008b800000|100%| O|  |TAMS 0x000000008b800000, 0x000000008b700000| Untracked 
|  12|0x000000008b800000, 0x000000008b900000, 0x000000008b900000|100%| O|  |TAMS 0x000000008b900000, 0x000000008b800000| Untracked 
|  13|0x000000008b900000, 0x000000008ba00000, 0x000000008ba00000|100%|HS|  |TAMS 0x000000008ba00000, 0x000000008b900000| Complete 
|  14|0x000000008ba00000, 0x000000008bb00000, 0x000000008bb00000|100%|HC|  |TAMS 0x000000008bb00000, 0x000000008ba00000| Complete 
|  15|0x000000008bb00000, 0x000000008bc00000, 0x000000008bc00000|100%| O|  |TAMS 0x000000008bc00000, 0x000000008bb00000| Untracked 
|  16|0x000000008bc00000, 0x000000008bd00000, 0x000000008bd00000|100%| O|  |TAMS 0x000000008bd00000, 0x000000008bc00000| Untracked 
|  17|0x000000008bd00000, 0x000000008be00000, 0x000000008be00000|100%| O|  |TAMS 0x000000008be00000, 0x000000008bd00000| Untracked 
|  18|0x000000008be00000, 0x000000008bf00000, 0x000000008bf00000|100%| O|  |TAMS 0x000000008bf00000, 0x000000008be00000| Untracked 
|  19|0x000000008bf00000, 0x000000008c000000, 0x000000008c000000|100%| O|  |TAMS 0x000000008c000000, 0x000000008bf00000| Untracked 
|  20|0x000000008c000000, 0x000000008c100000, 0x000000008c100000|100%| O|  |TAMS 0x000000008c100000, 0x000000008c000000| Untracked 
|  21|0x000000008c100000, 0x000000008c200000, 0x000000008c200000|100%| O|  |TAMS 0x000000008c200000, 0x000000008c100000| Untracked 
|  22|0x000000008c200000, 0x000000008c300000, 0x000000008c300000|100%| O|  |TAMS 0x000000008c300000, 0x000000008c200000| Untracked 
|  23|0x000000008c300000, 0x000000008c400000, 0x000000008c400000|100%| O|  |TAMS 0x000000008c400000, 0x000000008c300000| Untracked 
|  24|0x000000008c400000, 0x000000008c500000, 0x000000008c500000|100%| O|  |TAMS 0x000000008c500000, 0x000000008c400000| Untracked 
|  25|0x000000008c500000, 0x000000008c600000, 0x000000008c600000|100%| O|  |TAMS 0x000000008c600000, 0x000000008c500000| Untracked 
|  26|0x000000008c600000, 0x000000008c700000, 0x000000008c700000|100%| O|  |TAMS 0x000000008c700000, 0x000000008c600000| Untracked 
|  27|0x000000008c700000, 0x000000008c800000, 0x000000008c800000|100%| O|  |TAMS 0x000000008c800000, 0x000000008c700000| Untracked 
|  28|0x000000008c800000, 0x000000008c900000, 0x000000008c900000|100%| O|  |TAMS 0x000000008c900000, 0x000000008c800000| Untracked 
|  29|0x000000008c900000, 0x000000008ca00000, 0x000000008ca00000|100%| O|  |TAMS 0x000000008ca00000, 0x000000008c900000| Untracked 
|  30|0x000000008ca00000, 0x000000008cb00000, 0x000000008cb00000|100%| O|  |TAMS 0x000000008cb00000, 0x000000008ca00000| Untracked 
|  31|0x000000008cb00000, 0x000000008cc00000, 0x000000008cc00000|100%| O|  |TAMS 0x000000008cc00000, 0x000000008cb00000| Untracked 
|  32|0x000000008cc00000, 0x000000008cd00000, 0x000000008cd00000|100%| O|  |TAMS 0x000000008cd00000, 0x000000008cc00000| Untracked 
|  33|0x000000008cd00000, 0x000000008ce00000, 0x000000008ce00000|100%| O|  |TAMS 0x000000008ce00000, 0x000000008cd00000| Untracked 
|  34|0x000000008ce00000, 0x000000008cf00000, 0x000000008cf00000|100%| O|  |TAMS 0x000000008cf00000, 0x000000008ce00000| Untracked 
|  35|0x000000008cf00000, 0x000000008d000000, 0x000000008d000000|100%| O|  |TAMS 0x000000008d000000, 0x000000008cf00000| Untracked 
|  36|0x000000008d000000, 0x000000008d100000, 0x000000008d100000|100%| O|  |TAMS 0x000000008d100000, 0x000000008d000000| Untracked 
|  37|0x000000008d100000, 0x000000008d200000, 0x000000008d200000|100%| O|  |TAMS 0x000000008d200000, 0x000000008d100000| Untracked 
|  38|0x000000008d200000, 0x000000008d300000, 0x000000008d300000|100%| O|  |TAMS 0x000000008d300000, 0x000000008d200000| Untracked 
|  39|0x000000008d300000, 0x000000008d400000, 0x000000008d400000|100%| O|  |TAMS 0x000000008d3f6600, 0x000000008d300000| Untracked 
|  40|0x000000008d400000, 0x000000008d500000, 0x000000008d500000|100%| O|  |TAMS 0x000000008d400000, 0x000000008d400000| Untracked 
|  41|0x000000008d500000, 0x000000008d600000, 0x000000008d600000|100%| O|  |TAMS 0x000000008d500000, 0x000000008d500000| Untracked 
|  42|0x000000008d600000, 0x000000008d63ee00, 0x000000008d700000| 24%| O|  |TAMS 0x000000008d600000, 0x000000008d600000| Untracked 
|  43|0x000000008d700000, 0x000000008d700000, 0x000000008d800000|  0%| F|  |TAMS 0x000000008d700000, 0x000000008d700000| Untracked 
|  44|0x000000008d800000, 0x000000008d800000, 0x000000008d900000|  0%| F|  |TAMS 0x000000008d800000, 0x000000008d800000| Untracked 
|  45|0x000000008d900000, 0x000000008d900000, 0x000000008da00000|  0%| F|  |TAMS 0x000000008d900000, 0x000000008d900000| Untracked 
|  46|0x000000008da00000, 0x000000008da00000, 0x000000008db00000|  0%| F|  |TAMS 0x000000008da00000, 0x000000008da00000| Untracked 
|  47|0x000000008db00000, 0x000000008db00000, 0x000000008dc00000|  0%| F|  |TAMS 0x000000008db00000, 0x000000008db00000| Untracked 
|  48|0x000000008dc00000, 0x000000008dc00000, 0x000000008dd00000|  0%| F|  |TAMS 0x000000008dc00000, 0x000000008dc00000| Untracked 
|  49|0x000000008dd00000, 0x000000008dd00000, 0x000000008de00000|  0%| F|  |TAMS 0x000000008dd00000, 0x000000008dd00000| Untracked 
|  50|0x000000008de00000, 0x000000008de00000, 0x000000008df00000|  0%| F|  |TAMS 0x000000008de00000, 0x000000008de00000| Untracked 
|  51|0x000000008df00000, 0x000000008df00000, 0x000000008e000000|  0%| F|  |TAMS 0x000000008df00000, 0x000000008df00000| Untracked 
|  52|0x000000008e000000, 0x000000008e000000, 0x000000008e100000|  0%| F|  |TAMS 0x000000008e000000, 0x000000008e000000| Untracked 
|  53|0x000000008e100000, 0x000000008e100000, 0x000000008e200000|  0%| F|  |TAMS 0x000000008e100000, 0x000000008e100000| Untracked 
|  54|0x000000008e200000, 0x000000008e200000, 0x000000008e300000|  0%| F|  |TAMS 0x000000008e200000, 0x000000008e200000| Untracked 
|  55|0x000000008e300000, 0x000000008e300000, 0x000000008e400000|  0%| F|  |TAMS 0x000000008e300000, 0x000000008e300000| Untracked 
|  56|0x000000008e400000, 0x000000008e400000, 0x000000008e500000|  0%| F|  |TAMS 0x000000008e400000, 0x000000008e400000| Untracked 
|  57|0x000000008e500000, 0x000000008e500000, 0x000000008e600000|  0%| F|  |TAMS 0x000000008e500000, 0x000000008e500000| Untracked 
|  58|0x000000008e600000, 0x000000008e600000, 0x000000008e700000|  0%| F|  |TAMS 0x000000008e600000, 0x000000008e600000| Untracked 
|  59|0x000000008e700000, 0x000000008e700000, 0x000000008e800000|  0%| F|  |TAMS 0x000000008e700000, 0x000000008e700000| Untracked 
|  60|0x000000008e800000, 0x000000008e800000, 0x000000008e900000|  0%| F|  |TAMS 0x000000008e800000, 0x000000008e800000| Untracked 
|  61|0x000000008e900000, 0x000000008e900000, 0x000000008ea00000|  0%| F|  |TAMS 0x000000008e900000, 0x000000008e900000| Untracked 
|  62|0x000000008ea00000, 0x000000008ea00000, 0x000000008eb00000|  0%| F|  |TAMS 0x000000008ea00000, 0x000000008ea00000| Untracked 
|  63|0x000000008eb00000, 0x000000008eb00000, 0x000000008ec00000|  0%| F|  |TAMS 0x000000008eb00000, 0x000000008eb00000| Untracked 
|  64|0x000000008ec00000, 0x000000008ec00000, 0x000000008ed00000|  0%| F|  |TAMS 0x000000008ec00000, 0x000000008ec00000| Untracked 
|  65|0x000000008ed00000, 0x000000008ed00000, 0x000000008ee00000|  0%| F|  |TAMS 0x000000008ed00000, 0x000000008ed00000| Untracked 
|  66|0x000000008ee00000, 0x000000008ee00000, 0x000000008ef00000|  0%| F|  |TAMS 0x000000008ee00000, 0x000000008ee00000| Untracked 
|  67|0x000000008ef00000, 0x000000008ef00000, 0x000000008f000000|  0%| F|  |TAMS 0x000000008ef00000, 0x000000008ef00000| Untracked 
|  68|0x000000008f000000, 0x000000008f000000, 0x000000008f100000|  0%| F|  |TAMS 0x000000008f000000, 0x000000008f000000| Untracked 
|  69|0x000000008f100000, 0x000000008f100000, 0x000000008f200000|  0%| F|  |TAMS 0x000000008f100000, 0x000000008f100000| Untracked 
|  70|0x000000008f200000, 0x000000008f200000, 0x000000008f300000|  0%| F|  |TAMS 0x000000008f200000, 0x000000008f200000| Untracked 
|  71|0x000000008f300000, 0x000000008f300000, 0x000000008f400000|  0%| F|  |TAMS 0x000000008f300000, 0x000000008f300000| Untracked 
|  72|0x000000008f400000, 0x000000008f400000, 0x000000008f500000|  0%| F|  |TAMS 0x000000008f400000, 0x000000008f400000| Untracked 
|  73|0x000000008f500000, 0x000000008f500000, 0x000000008f600000|  0%| F|  |TAMS 0x000000008f500000, 0x000000008f500000| Untracked 
|  74|0x000000008f600000, 0x000000008f600000, 0x000000008f700000|  0%| F|  |TAMS 0x000000008f600000, 0x000000008f600000| Untracked 
|  75|0x000000008f700000, 0x000000008f700000, 0x000000008f800000|  0%| F|  |TAMS 0x000000008f700000, 0x000000008f700000| Untracked 
|  76|0x000000008f800000, 0x000000008f800000, 0x000000008f900000|  0%| F|  |TAMS 0x000000008f800000, 0x000000008f800000| Untracked 
|  77|0x000000008f900000, 0x000000008f900000, 0x000000008fa00000|  0%| F|  |TAMS 0x000000008f900000, 0x000000008f900000| Untracked 
|  78|0x000000008fa00000, 0x000000008fa00000, 0x000000008fb00000|  0%| F|  |TAMS 0x000000008fa00000, 0x000000008fa00000| Untracked 
|  79|0x000000008fb00000, 0x000000008fb00000, 0x000000008fc00000|  0%| F|  |TAMS 0x000000008fb00000, 0x000000008fb00000| Untracked 
|  80|0x000000008fc00000, 0x000000008fc00000, 0x000000008fd00000|  0%| F|  |TAMS 0x000000008fc00000, 0x000000008fc00000| Untracked 
|  81|0x000000008fd00000, 0x000000008fd00000, 0x000000008fe00000|  0%| F|  |TAMS 0x000000008fd00000, 0x000000008fd00000| Untracked 
|  82|0x000000008fe00000, 0x000000008fe00000, 0x000000008ff00000|  0%| F|  |TAMS 0x000000008fe00000, 0x000000008fe00000| Untracked 
|  83|0x000000008ff00000, 0x000000008ff00000, 0x0000000090000000|  0%| F|  |TAMS 0x000000008ff00000, 0x000000008ff00000| Untracked 
|  84|0x0000000090000000, 0x0000000090000000, 0x0000000090100000|  0%| F|  |TAMS 0x0000000090000000, 0x0000000090000000| Untracked 
|  85|0x0000000090100000, 0x0000000090100000, 0x0000000090200000|  0%| F|  |TAMS 0x0000000090100000, 0x0000000090100000| Untracked 
|  86|0x0000000090200000, 0x0000000090200000, 0x0000000090300000|  0%| F|  |TAMS 0x0000000090200000, 0x0000000090200000| Untracked 
|  87|0x0000000090300000, 0x0000000090300000, 0x0000000090400000|  0%| F|  |TAMS 0x0000000090300000, 0x0000000090300000| Untracked 
|  88|0x0000000090400000, 0x0000000090400000, 0x0000000090500000|  0%| F|  |TAMS 0x0000000090400000, 0x0000000090400000| Untracked 
|  89|0x0000000090500000, 0x0000000090500000, 0x0000000090600000|  0%| F|  |TAMS 0x0000000090500000, 0x0000000090500000| Untracked 
|  90|0x0000000090600000, 0x0000000090600000, 0x0000000090700000|  0%| F|  |TAMS 0x0000000090600000, 0x0000000090600000| Untracked 
|  91|0x0000000090700000, 0x00000000907c81f0, 0x0000000090800000| 78%| S|CS|TAMS 0x0000000090700000, 0x0000000090700000| Complete 
|  92|0x0000000090800000, 0x0000000090900000, 0x0000000090900000|100%| S|CS|TAMS 0x0000000090800000, 0x0000000090800000| Complete 
|  93|0x0000000090900000, 0x0000000090900000, 0x0000000090a00000|  0%| F|  |TAMS 0x0000000090900000, 0x0000000090900000| Untracked 
|  94|0x0000000090a00000, 0x0000000090a00000, 0x0000000090b00000|  0%| F|  |TAMS 0x0000000090a00000, 0x0000000090a00000| Untracked 
|  95|0x0000000090b00000, 0x0000000090b00000, 0x0000000090c00000|  0%| F|  |TAMS 0x0000000090b00000, 0x0000000090b00000| Untracked 
|  96|0x0000000090c00000, 0x0000000090c00000, 0x0000000090d00000|  0%| F|  |TAMS 0x0000000090c00000, 0x0000000090c00000| Untracked 
|  97|0x0000000090d00000, 0x0000000090d00000, 0x0000000090e00000|  0%| F|  |TAMS 0x0000000090d00000, 0x0000000090d00000| Untracked 
|  98|0x0000000090e00000, 0x0000000090e00000, 0x0000000090f00000|  0%| F|  |TAMS 0x0000000090e00000, 0x0000000090e00000| Untracked 
|  99|0x0000000090f00000, 0x0000000090f00000, 0x0000000091000000|  0%| F|  |TAMS 0x0000000090f00000, 0x0000000090f00000| Untracked 
| 100|0x0000000091000000, 0x0000000091000000, 0x0000000091100000|  0%| F|  |TAMS 0x0000000091000000, 0x0000000091000000| Untracked 
| 101|0x0000000091100000, 0x0000000091100000, 0x0000000091200000|  0%| F|  |TAMS 0x0000000091100000, 0x0000000091100000| Untracked 
| 102|0x0000000091200000, 0x0000000091200000, 0x0000000091300000|  0%| F|  |TAMS 0x0000000091200000, 0x0000000091200000| Untracked 
| 103|0x0000000091300000, 0x0000000091300000, 0x0000000091400000|  0%| F|  |TAMS 0x0000000091300000, 0x0000000091300000| Untracked 
| 104|0x0000000091400000, 0x0000000091400000, 0x0000000091500000|  0%| F|  |TAMS 0x0000000091400000, 0x0000000091400000| Untracked 
| 105|0x0000000091500000, 0x0000000091500000, 0x0000000091600000|  0%| F|  |TAMS 0x0000000091500000, 0x0000000091500000| Untracked 
| 106|0x0000000091600000, 0x0000000091600000, 0x0000000091700000|  0%| F|  |TAMS 0x0000000091600000, 0x0000000091600000| Untracked 
| 107|0x0000000091700000, 0x0000000091700000, 0x0000000091800000|  0%| F|  |TAMS 0x0000000091700000, 0x0000000091700000| Untracked 
| 108|0x0000000091800000, 0x0000000091800000, 0x0000000091900000|  0%| F|  |TAMS 0x0000000091800000, 0x0000000091800000| Untracked 
| 109|0x0000000091900000, 0x0000000091900000, 0x0000000091a00000|  0%| F|  |TAMS 0x0000000091900000, 0x0000000091900000| Untracked 
| 110|0x0000000091a00000, 0x0000000091a00000, 0x0000000091b00000|  0%| F|  |TAMS 0x0000000091a00000, 0x0000000091a00000| Untracked 
| 111|0x0000000091b00000, 0x0000000091b00000, 0x0000000091c00000|  0%| F|  |TAMS 0x0000000091b00000, 0x0000000091b00000| Untracked 
| 112|0x0000000091c00000, 0x0000000091c00000, 0x0000000091d00000|  0%| F|  |TAMS 0x0000000091c00000, 0x0000000091c00000| Untracked 
| 113|0x0000000091d00000, 0x0000000091d00000, 0x0000000091e00000|  0%| F|  |TAMS 0x0000000091d00000, 0x0000000091d00000| Untracked 
| 114|0x0000000091e00000, 0x0000000091e00000, 0x0000000091f00000|  0%| F|  |TAMS 0x0000000091e00000, 0x0000000091e00000| Untracked 
| 115|0x0000000091f00000, 0x0000000091f00000, 0x0000000092000000|  0%| F|  |TAMS 0x0000000091f00000, 0x0000000091f00000| Untracked 
| 116|0x0000000092000000, 0x0000000092000000, 0x0000000092100000|  0%| F|  |TAMS 0x0000000092000000, 0x0000000092000000| Untracked 
| 117|0x0000000092100000, 0x0000000092100000, 0x0000000092200000|  0%| F|  |TAMS 0x0000000092100000, 0x0000000092100000| Untracked 
| 118|0x0000000092200000, 0x0000000092200000, 0x0000000092300000|  0%| F|  |TAMS 0x0000000092200000, 0x0000000092200000| Untracked 
| 119|0x0000000092300000, 0x0000000092300000, 0x0000000092400000|  0%| F|  |TAMS 0x0000000092300000, 0x0000000092300000| Untracked 
| 120|0x0000000092400000, 0x0000000092400000, 0x0000000092500000|  0%| F|  |TAMS 0x0000000092400000, 0x0000000092400000| Untracked 
| 121|0x0000000092500000, 0x0000000092500000, 0x0000000092600000|  0%| F|  |TAMS 0x0000000092500000, 0x0000000092500000| Untracked 
| 122|0x0000000092600000, 0x0000000092600000, 0x0000000092700000|  0%| F|  |TAMS 0x0000000092600000, 0x0000000092600000| Untracked 
| 123|0x0000000092700000, 0x0000000092700000, 0x0000000092800000|  0%| F|  |TAMS 0x0000000092700000, 0x0000000092700000| Untracked 
| 124|0x0000000092800000, 0x0000000092800000, 0x0000000092900000|  0%| F|  |TAMS 0x0000000092800000, 0x0000000092800000| Untracked 
| 125|0x0000000092900000, 0x0000000092900000, 0x0000000092a00000|  0%| F|  |TAMS 0x0000000092900000, 0x0000000092900000| Untracked 
| 126|0x0000000092a00000, 0x0000000092a00000, 0x0000000092b00000|  0%| F|  |TAMS 0x0000000092a00000, 0x0000000092a00000| Untracked 
| 127|0x0000000092b00000, 0x0000000092b00000, 0x0000000092c00000|  0%| F|  |TAMS 0x0000000092b00000, 0x0000000092b00000| Untracked 
| 128|0x0000000092c00000, 0x0000000092d00000, 0x0000000092d00000|100%| E|  |TAMS 0x0000000092c00000, 0x0000000092c00000| Complete 
| 129|0x0000000092d00000, 0x0000000092e00000, 0x0000000092e00000|100%| E|CS|TAMS 0x0000000092d00000, 0x0000000092d00000| Complete 
| 130|0x0000000092e00000, 0x0000000092f00000, 0x0000000092f00000|100%| E|CS|TAMS 0x0000000092e00000, 0x0000000092e00000| Complete 
| 131|0x0000000092f00000, 0x0000000093000000, 0x0000000093000000|100%| E|CS|TAMS 0x0000000092f00000, 0x0000000092f00000| Complete 
| 132|0x0000000093000000, 0x0000000093100000, 0x0000000093100000|100%| E|CS|TAMS 0x0000000093000000, 0x0000000093000000| Complete 
| 133|0x0000000093100000, 0x0000000093200000, 0x0000000093200000|100%| E|CS|TAMS 0x0000000093100000, 0x0000000093100000| Complete 
| 134|0x0000000093200000, 0x0000000093300000, 0x0000000093300000|100%| E|CS|TAMS 0x0000000093200000, 0x0000000093200000| Complete 
| 135|0x0000000093300000, 0x0000000093400000, 0x0000000093400000|100%| E|CS|TAMS 0x0000000093300000, 0x0000000093300000| Complete 
| 136|0x0000000093400000, 0x0000000093500000, 0x0000000093500000|100%| E|CS|TAMS 0x0000000093400000, 0x0000000093400000| Complete 
| 137|0x0000000093500000, 0x0000000093600000, 0x0000000093600000|100%| E|CS|TAMS 0x0000000093500000, 0x0000000093500000| Complete 
| 138|0x0000000093600000, 0x0000000093700000, 0x0000000093700000|100%| E|CS|TAMS 0x0000000093600000, 0x0000000093600000| Complete 
| 139|0x0000000093700000, 0x0000000093800000, 0x0000000093800000|100%| E|CS|TAMS 0x0000000093700000, 0x0000000093700000| Complete 
| 140|0x0000000093800000, 0x0000000093900000, 0x0000000093900000|100%| E|CS|TAMS 0x0000000093800000, 0x0000000093800000| Complete 
| 141|0x0000000093900000, 0x0000000093a00000, 0x0000000093a00000|100%| E|CS|TAMS 0x0000000093900000, 0x0000000093900000| Complete 
| 142|0x0000000093a00000, 0x0000000093b00000, 0x0000000093b00000|100%| E|CS|TAMS 0x0000000093a00000, 0x0000000093a00000| Complete 
| 143|0x0000000093b00000, 0x0000000093c00000, 0x0000000093c00000|100%| E|CS|TAMS 0x0000000093b00000, 0x0000000093b00000| Complete 
| 144|0x0000000093c00000, 0x0000000093d00000, 0x0000000093d00000|100%| E|CS|TAMS 0x0000000093c00000, 0x0000000093c00000| Complete 
| 145|0x0000000093d00000, 0x0000000093e00000, 0x0000000093e00000|100%| E|CS|TAMS 0x0000000093d00000, 0x0000000093d00000| Complete 
| 146|0x0000000093e00000, 0x0000000093f00000, 0x0000000093f00000|100%| E|CS|TAMS 0x0000000093e00000, 0x0000000093e00000| Complete 
| 147|0x0000000093f00000, 0x0000000094000000, 0x0000000094000000|100%| E|CS|TAMS 0x0000000093f00000, 0x0000000093f00000| Complete 
| 148|0x0000000094000000, 0x0000000094100000, 0x0000000094100000|100%| E|CS|TAMS 0x0000000094000000, 0x0000000094000000| Complete 
| 160|0x0000000094c00000, 0x0000000094d00000, 0x0000000094d00000|100%| E|CS|TAMS 0x0000000094c00000, 0x0000000094c00000| Complete 

Card table byte_map: [0x000001ee74060000,0x000001ee74410000] _byte_map_base: 0x000001ee73c0a000

Marking Bits (Prev, Next): (CMBitMap*) 0x000001ee5cefb670, (CMBitMap*) 0x000001ee5cefb630
 Prev Bits: [0x000001ee76510000, 0x000001ee78260000)
 Next Bits: [0x000001ee747c0000, 0x000001ee76510000)

Polling page: 0x000001ee5ae60000

Metaspace:

Usage:
  Non-class:     25.99 MB used.
      Class:      3.30 MB used.
       Both:     29.29 MB used.

Virtual space:
  Non-class space:       64.00 MB reserved,      26.19 MB ( 41%) committed,  1 nodes.
      Class space:        1.00 GB reserved,       3.44 MB ( <1%) committed,  1 nodes.
             Both:        1.06 GB reserved,      29.62 MB (  3%) committed. 

Chunk freelists:
   Non-Class:  5.17 MB
       Class:  12.52 MB
        Both:  17.69 MB

MaxMetaspaceSize: unlimited
CompressedClassSpaceSize: 1.00 GB
Initial GC threshold: 21.00 MB
Current GC threshold: 46.69 MB
CDS: on
MetaspaceReclaimPolicy: balanced
 - commit_granule_bytes: 65536.
 - commit_granule_words: 8192.
 - virtual_space_node_default_size: 8388608.
 - enlarge_chunks_in_place: 1.
 - new_chunks_are_fully_committed: 0.
 - uncommit_free_chunks: 1.
 - use_allocation_guard: 0.
 - handle_deallocations: 1.


Internal statistics:

num_allocs_failed_limit: 6.
num_arena_births: 244.
num_arena_deaths: 0.
num_vsnodes_births: 2.
num_vsnodes_deaths: 0.
num_space_committed: 474.
num_space_uncommitted: 0.
num_chunks_returned_to_freelist: 6.
num_chunks_taken_from_freelist: 1361.
num_chunk_merges: 6.
num_chunk_splits: 935.
num_chunks_enlarged: 711.
num_inconsistent_stats: 0.

CodeHeap 'non-profiled nmethods': size=120000Kb used=3277Kb max_used=3277Kb free=116722Kb
 bounds [0x000001ee6c230000, 0x000001ee6c570000, 0x000001ee73760000]
CodeHeap 'profiled nmethods': size=120000Kb used=14711Kb max_used=14711Kb free=105288Kb
 bounds [0x000001ee64760000, 0x000001ee655c0000, 0x000001ee6bc90000]
CodeHeap 'non-nmethods': size=5760Kb used=1222Kb max_used=1267Kb free=4538Kb
 bounds [0x000001ee6bc90000, 0x000001ee6bf00000, 0x000001ee6c230000]
 total_blobs=7162 nmethods=6635 adapters=439
 compilation: enabled
              stopped_count=0, restarted_count=0
 full_count=0

Compilation events (20 events):
Event: 19.759 Thread 0x000001ee7aed1110 nmethod 7444 0x000001ee65589290 code [0x000001ee655894e0, 0x000001ee6558a1a8]
Event: 19.762 Thread 0x000001ee7aed1110 7445       2       com.sun.tools.javac.code.Types::skipTypeVars (32 bytes)
Event: 19.762 Thread 0x000001ee7aed1110 nmethod 7445 0x000001ee6558a590 code [0x000001ee6558a760, 0x000001ee6558a9a8]
Event: 19.764 Thread 0x000001ee7aed1110 7446       2       com.sun.tools.javac.code.Scope$CompoundScope::prependSubScope (41 bytes)
Event: 19.764 Thread 0x000001ee7aed1110 nmethod 7446 0x000001ee6558ab10 code [0x000001ee6558acc0, 0x000001ee6558ae88]
Event: 19.764 Thread 0x000001ee7aed1110 7447   !   3       com.sun.tools.javac.comp.Annotate::attributeAnnotationValue (508 bytes)
Event: 19.767 Thread 0x000001ee7aed1110 nmethod 7447 0x000001ee6558b010 code [0x000001ee6558b620, 0x000001ee6558f778]
Event: 19.768 Thread 0x000001ee7aed1110 7449       2       com.sun.tools.javac.code.TypeAnnotationPosition::<init> (87 bytes)
Event: 19.769 Thread 0x000001ee7aed1110 nmethod 7449 0x000001ee65590890 code [0x000001ee65590a40, 0x000001ee65590e08]
Event: 19.769 Thread 0x000001ee7aed1110 7450       3       com.sun.tools.javac.comp.Annotate$AnnotationTypeMetadata::getTarget (9 bytes)
Event: 19.769 Thread 0x000001ee7aed1110 nmethod 7450 0x000001ee65590f90 code [0x000001ee65591120, 0x000001ee65591268]
Event: 19.769 Thread 0x000001ee7aed1110 7452       3       com.sun.tools.javac.code.Symbol$VarSymbol::getKind (105 bytes)
Event: 19.769 Thread 0x000001ee7aed1110 nmethod 7452 0x000001ee65591310 code [0x000001ee65591520, 0x000001ee65591c98]
Event: 19.769 Thread 0x000001ee7aed1110 7456       2       com.sun.tools.javac.util.List::from (37 bytes)
Event: 19.769 Thread 0x000001ee7aed1110 nmethod 7456 0x000001ee65591e10 code [0x000001ee65591fc0, 0x000001ee65592278]
Event: 19.769 Thread 0x000001ee7aed1110 7451   !   2       com.sun.tools.javac.code.TypeAnnotations$TypeAnnotationPositions::visitMethodDef (386 bytes)
Event: 19.771 Thread 0x000001ee7aed1110 nmethod 7451 0x000001ee65592390 code [0x000001ee65592840, 0x000001ee65595368]
Event: 19.771 Thread 0x000001ee7aed1110 7466       2       com.sun.tools.javac.code.TypeAnnotations$TypeAnnotationPositions::separateAnnotationsKinds (520 bytes)
Event: 19.773 Thread 0x000001ee7aed1110 nmethod 7466 0x000001ee65596810 code [0x000001ee65596c60, 0x000001ee65598658]
Event: 19.773 Thread 0x000001ee7aed1110 7469       3       com.sun.tools.javac.comp.Attr$TypeAnnotationsValidator::validateAnnotatedType (679 bytes)

GC Heap History (20 events):
Event: 6.064 GC heap before
{Heap before GC invocations=2 (full 0):
 garbage-first heap   total 120832K, used 74956K [0x000000008ac00000, 0x0000000100000000)
  region size 1024K, 70 young (71680K), 2 survivors (2048K)
 Metaspace       used 15512K, committed 15680K, reserved 1114112K
  class space    used 1852K, committed 1920K, reserved 1048576K
}
Event: 6.086 GC heap after
{Heap after GC invocations=3 (full 0):
 garbage-first heap   total 120832K, used 12992K [0x000000008ac00000, 0x0000000100000000)
  region size 1024K, 9 young (9216K), 9 survivors (9216K)
 Metaspace       used 15512K, committed 15680K, reserved 1114112K
  class space    used 1852K, committed 1920K, reserved 1048576K
}
Event: 8.290 GC heap before
{Heap before GC invocations=3 (full 0):
 garbage-first heap   total 120832K, used 75456K [0x000000008ac00000, 0x0000000100000000)
  region size 1024K, 70 young (71680K), 9 survivors (9216K)
 Metaspace       used 16101K, committed 16320K, reserved 1114112K
  class space    used 1862K, committed 1920K, reserved 1048576K
}
Event: 8.313 GC heap after
{Heap after GC invocations=4 (full 0):
 garbage-first heap   total 120832K, used 16069K [0x000000008ac00000, 0x0000000100000000)
  region size 1024K, 4 young (4096K), 4 survivors (4096K)
 Metaspace       used 16101K, committed 16320K, reserved 1114112K
  class space    used 1862K, committed 1920K, reserved 1048576K
}
Event: 12.921 GC heap before
{Heap before GC invocations=4 (full 0):
 garbage-first heap   total 120832K, used 105157K [0x000000008ac00000, 0x0000000100000000)
  region size 1024K, 58 young (59392K), 4 survivors (4096K)
 Metaspace       used 20092K, committed 20352K, reserved 1114112K
  class space    used 2310K, committed 2432K, reserved 1048576K
}
Event: 12.938 GC heap after
{Heap after GC invocations=5 (full 0):
 garbage-first heap   total 120832K, used 20457K [0x000000008ac00000, 0x0000000100000000)
  region size 1024K, 6 young (6144K), 6 survivors (6144K)
 Metaspace       used 20092K, committed 20352K, reserved 1114112K
  class space    used 2310K, committed 2432K, reserved 1048576K
}
Event: 13.135 GC heap before
{Heap before GC invocations=5 (full 0):
 garbage-first heap   total 120832K, used 26601K [0x000000008ac00000, 0x0000000100000000)
  region size 1024K, 11 young (11264K), 6 survivors (6144K)
 Metaspace       used 21211K, committed 21504K, reserved 1114112K
  class space    used 2474K, committed 2624K, reserved 1048576K
}
Event: 13.156 GC heap after
{Heap after GC invocations=6 (full 0):
 garbage-first heap   total 120832K, used 24064K [0x000000008ac00000, 0x0000000100000000)
  region size 1024K, 7 young (7168K), 7 survivors (7168K)
 Metaspace       used 21211K, committed 21504K, reserved 1114112K
  class space    used 2474K, committed 2624K, reserved 1048576K
}
Event: 15.122 GC heap before
{Heap before GC invocations=7 (full 0):
 garbage-first heap   total 86016K, used 56832K [0x000000008ac00000, 0x0000000100000000)
  region size 1024K, 40 young (40960K), 7 survivors (7168K)
 Metaspace       used 25903K, committed 26176K, reserved 1114112K
  class space    used 2982K, committed 3136K, reserved 1048576K
}
Event: 15.146 GC heap after
{Heap after GC invocations=8 (full 0):
 garbage-first heap   total 86016K, used 35565K [0x000000008ac00000, 0x0000000100000000)
  region size 1024K, 6 young (6144K), 6 survivors (6144K)
 Metaspace       used 25903K, committed 26176K, reserved 1114112K
  class space    used 2982K, committed 3136K, reserved 1048576K
}
Event: 15.211 GC heap before
{Heap before GC invocations=8 (full 0):
 garbage-first heap   total 86016K, used 36589K [0x000000008ac00000, 0x0000000100000000)
  region size 1024K, 7 young (7168K), 6 survivors (6144K)
 Metaspace       used 25971K, committed 26304K, reserved 1114112K
  class space    used 2990K, committed 3136K, reserved 1048576K
}
Event: 15.236 GC heap after
{Heap after GC invocations=9 (full 0):
 garbage-first heap   total 86016K, used 36864K [0x000000008ac00000, 0x0000000100000000)
  region size 1024K, 1 young (1024K), 1 survivors (1024K)
 Metaspace       used 25971K, committed 26304K, reserved 1114112K
  class space    used 2990K, committed 3136K, reserved 1048576K
}
Event: 15.663 GC heap before
{Heap before GC invocations=9 (full 0):
 garbage-first heap   total 86016K, used 56320K [0x000000008ac00000, 0x0000000100000000)
  region size 1024K, 19 young (19456K), 1 survivors (1024K)
 Metaspace       used 26520K, committed 26816K, reserved 1114112K
  class space    used 3032K, committed 3200K, reserved 1048576K
}
Event: 15.670 GC heap after
{Heap after GC invocations=10 (full 0):
 garbage-first heap   total 86016K, used 40960K [0x000000008ac00000, 0x0000000100000000)
  region size 1024K, 3 young (3072K), 3 survivors (3072K)
 Metaspace       used 26520K, committed 26816K, reserved 1114112K
  class space    used 3032K, committed 3200K, reserved 1048576K
}
Event: 16.602 GC heap before
{Heap before GC invocations=11 (full 0):
 garbage-first heap   total 86016K, used 58368K [0x000000008ac00000, 0x0000000100000000)
  region size 1024K, 20 young (20480K), 3 survivors (3072K)
 Metaspace       used 27525K, committed 27840K, reserved 1114112K
  class space    used 3108K, committed 3264K, reserved 1048576K
}
Event: 16.615 GC heap after
{Heap after GC invocations=12 (full 0):
 garbage-first heap   total 86016K, used 42969K [0x000000008ac00000, 0x0000000100000000)
  region size 1024K, 2 young (2048K), 2 survivors (2048K)
 Metaspace       used 27525K, committed 27840K, reserved 1114112K
  class space    used 3108K, committed 3264K, reserved 1048576K
}
Event: 17.517 GC heap before
{Heap before GC invocations=12 (full 0):
 garbage-first heap   total 86016K, used 59353K [0x000000008ac00000, 0x0000000100000000)
  region size 1024K, 19 young (19456K), 2 survivors (2048K)
 Metaspace       used 28273K, committed 28672K, reserved 1114112K
  class space    used 3211K, committed 3392K, reserved 1048576K
}
Event: 17.522 GC heap after
{Heap after GC invocations=13 (full 0):
 garbage-first heap   total 164864K, used 43673K [0x000000008ac00000, 0x0000000100000000)
  region size 1024K, 1 young (1024K), 1 survivors (1024K)
 Metaspace       used 28273K, committed 28672K, reserved 1114112K
  class space    used 3211K, committed 3392K, reserved 1048576K
}
Event: 19.633 GC heap before
{Heap before GC invocations=14 (full 0):
 garbage-first heap   total 153600K, used 102041K [0x000000008ac00000, 0x0000000100000000)
  region size 1024K, 58 young (59392K), 1 survivors (1024K)
 Metaspace       used 29583K, committed 29888K, reserved 1114112K
  class space    used 3333K, committed 3456K, reserved 1048576K
}
Event: 19.637 GC heap after
{Heap after GC invocations=15 (full 0):
 garbage-first heap   total 153600K, used 45083K [0x000000008ac00000, 0x0000000100000000)
  region size 1024K, 2 young (2048K), 2 survivors (2048K)
 Metaspace       used 29583K, committed 29888K, reserved 1114112K
  class space    used 3333K, committed 3456K, reserved 1048576K
}

Deoptimization events (20 events):
Event: 19.640 Thread 0x000001ee5cea3c30 Uncommon trap: trap_request=0xffffffc6 fr.pc=0x000001ee6c287be4 relative=0x0000000000000524
Event: 19.641 Thread 0x000001ee5cea3c30 Uncommon trap: reason=bimorphic_or_optimized_type_check action=maybe_recompile pc=0x000001ee6c287be4 method=lombok.javac.JavacNode.traverse(Llombok/javac/JavacASTVisitor;)V @ 288 c2
Event: 19.641 Thread 0x000001ee5cea3c30 DEOPT PACKING pc=0x000001ee6c287be4 sp=0x0000002ad2efca00
Event: 19.641 Thread 0x000001ee5cea3c30 DEOPT UNPACKING pc=0x000001ee6bce23a3 sp=0x0000002ad2efc990 mode 2
Event: 19.641 Thread 0x000001ee5cea3c30 Uncommon trap: trap_request=0xffffffc6 fr.pc=0x000001ee6c28833c relative=0x0000000000000c7c
Event: 19.641 Thread 0x000001ee5cea3c30 Uncommon trap: reason=bimorphic_or_optimized_type_check action=maybe_recompile pc=0x000001ee6c28833c method=lombok.javac.JavacNode.traverse(Llombok/javac/JavacASTVisitor;)V @ 715 c2
Event: 19.641 Thread 0x000001ee5cea3c30 DEOPT PACKING pc=0x000001ee6c28833c sp=0x0000002ad2efc920
Event: 19.641 Thread 0x000001ee5cea3c30 DEOPT UNPACKING pc=0x000001ee6bce23a3 sp=0x0000002ad2efc8b8 mode 2
Event: 19.641 Thread 0x000001ee5cea3c30 Uncommon trap: trap_request=0xffffffc6 fr.pc=0x000001ee6c28794c relative=0x000000000000028c
Event: 19.641 Thread 0x000001ee5cea3c30 Uncommon trap: reason=bimorphic_or_optimized_type_check action=maybe_recompile pc=0x000001ee6c28794c method=lombok.javac.JavacNode.traverse(Llombok/javac/JavacASTVisitor;)V @ 193 c2
Event: 19.641 Thread 0x000001ee5cea3c30 DEOPT PACKING pc=0x000001ee6c28794c sp=0x0000002ad2efcae0
Event: 19.641 Thread 0x000001ee5cea3c30 DEOPT UNPACKING pc=0x000001ee6bce23a3 sp=0x0000002ad2efca78 mode 2
Event: 19.661 Thread 0x000001ee5cea3c30 DEOPT PACKING pc=0x000001ee64957bd9 sp=0x0000002ad2efc730
Event: 19.661 Thread 0x000001ee5cea3c30 DEOPT UNPACKING pc=0x000001ee6bce2b43 sp=0x0000002ad2efbc28 mode 0
Event: 19.661 Thread 0x000001ee5cea3c30 Uncommon trap: trap_request=0xffffff45 fr.pc=0x000001ee6c2ecb6c relative=0x000000000000094c
Event: 19.661 Thread 0x000001ee5cea3c30 Uncommon trap: reason=unstable_if action=reinterpret pc=0x000001ee6c2ecb6c method=lombok.core.configuration.FileSystemSourceCache.parseIfNeccesary(Llombok/core/configuration/ConfigurationFile;Llombok/core/configuration/ConfigurationParser;)Llombok/core/co
Event: 19.661 Thread 0x000001ee5cea3c30 DEOPT PACKING pc=0x000001ee6c2ecb6c sp=0x0000002ad2efcc70
Event: 19.661 Thread 0x000001ee5cea3c30 DEOPT UNPACKING pc=0x000001ee6bce23a3 sp=0x0000002ad2efcc18 mode 2
Event: 19.687 Thread 0x000001ee5cea3c30 DEOPT PACKING pc=0x000001ee64957bd9 sp=0x0000002ad2efc730
Event: 19.687 Thread 0x000001ee5cea3c30 DEOPT UNPACKING pc=0x000001ee6bce2b43 sp=0x0000002ad2efbc28 mode 0

Classes unloaded (0 events):
No events

Classes redefined (0 events):
No events

Internal exceptions (20 events):
Event: 19.502 Thread 0x000001ee5cea3c30 Exception <a 'sun/nio/fs/WindowsException'{0x0000000091784440}> (0x0000000091784440) 
thrown [s\open\src\hotspot\share\prims\jni.cpp, line 516]
Event: 19.502 Thread 0x000001ee5cea3c30 Exception <a 'sun/nio/fs/WindowsException'{0x0000000091784858}> (0x0000000091784858) 
thrown [s\open\src\hotspot\share\prims\jni.cpp, line 516]
Event: 19.590 Thread 0x000001ee5cea3c30 Exception <a 'sun/nio/fs/WindowsException'{0x0000000090e7d070}> (0x0000000090e7d070) 
thrown [s\open\src\hotspot\share\prims\jni.cpp, line 516]
Event: 19.590 Thread 0x000001ee5cea3c30 Exception <a 'sun/nio/fs/WindowsException'{0x0000000090e7d480}> (0x0000000090e7d480) 
thrown [s\open\src\hotspot\share\prims\jni.cpp, line 516]
Event: 19.595 Thread 0x000001ee5cea3c30 Exception <a 'sun/nio/fs/WindowsException'{0x0000000090e7e740}> (0x0000000090e7e740) 
thrown [s\open\src\hotspot\share\prims\jni.cpp, line 516]
Event: 19.595 Thread 0x000001ee5cea3c30 Exception <a 'sun/nio/fs/WindowsException'{0x0000000090e7ebd8}> (0x0000000090e7ebd8) 
thrown [s\open\src\hotspot\share\prims\jni.cpp, line 516]
Event: 19.596 Thread 0x000001ee5cea3c30 Exception <a 'sun/nio/fs/WindowsException'{0x0000000090e7ff90}> (0x0000000090e7ff90) 
thrown [s\open\src\hotspot\share\prims\jni.cpp, line 516]
Event: 19.596 Thread 0x000001ee5cea3c30 Exception <a 'sun/nio/fs/WindowsException'{0x0000000090e803a8}> (0x0000000090e803a8) 
thrown [s\open\src\hotspot\share\prims\jni.cpp, line 516]
Event: 19.720 Thread 0x000001ee5cea3c30 Exception <a 'sun/nio/fs/WindowsException'{0x0000000093aec088}> (0x0000000093aec088) 
thrown [s\open\src\hotspot\share\prims\jni.cpp, line 516]
Event: 19.720 Thread 0x000001ee5cea3c30 Exception <a 'sun/nio/fs/WindowsException'{0x0000000093aec498}> (0x0000000093aec498) 
thrown [s\open\src\hotspot\share\prims\jni.cpp, line 516]
Event: 19.731 Thread 0x000001ee5cea3c30 Exception <a 'sun/nio/fs/WindowsException'{0x0000000093aed758}> (0x0000000093aed758) 
thrown [s\open\src\hotspot\share\prims\jni.cpp, line 516]
Event: 19.731 Thread 0x000001ee5cea3c30 Exception <a 'sun/nio/fs/WindowsException'{0x0000000093aedbf0}> (0x0000000093aedbf0) 
thrown [s\open\src\hotspot\share\prims\jni.cpp, line 516]
Event: 19.731 Thread 0x000001ee5cea3c30 Exception <a 'sun/nio/fs/WindowsException'{0x0000000093aeefa8}> (0x0000000093aeefa8) 
thrown [s\open\src\hotspot\share\prims\jni.cpp, line 516]
Event: 19.732 Thread 0x000001ee5cea3c30 Exception <a 'sun/nio/fs/WindowsException'{0x0000000093aef3c0}> (0x0000000093aef3c0) 
thrown [s\open\src\hotspot\share\prims\jni.cpp, line 516]
Event: 19.777 Thread 0x000001ee5cea3c30 Exception <a 'sun/nio/fs/WindowsException'{0x00000000933b9080}> (0x00000000933b9080) 
thrown [s\open\src\hotspot\share\prims\jni.cpp, line 516]
Event: 19.777 Thread 0x000001ee5cea3c30 Exception <a 'sun/nio/fs/WindowsException'{0x00000000933b9490}> (0x00000000933b9490) 
thrown [s\open\src\hotspot\share\prims\jni.cpp, line 516]
Event: 19.778 Thread 0x000001ee5cea3c30 Exception <a 'sun/nio/fs/WindowsException'{0x00000000933ba4a8}> (0x00000000933ba4a8) 
thrown [s\open\src\hotspot\share\prims\jni.cpp, line 516]
Event: 19.778 Thread 0x000001ee5cea3c30 Exception <a 'sun/nio/fs/WindowsException'{0x00000000933ba940}> (0x00000000933ba940) 
thrown [s\open\src\hotspot\share\prims\jni.cpp, line 516]
Event: 19.778 Thread 0x000001ee5cea3c30 Exception <a 'sun/nio/fs/WindowsException'{0x00000000933bba50}> (0x00000000933bba50) 
thrown [s\open\src\hotspot\share\prims\jni.cpp, line 516]
Event: 19.778 Thread 0x000001ee5cea3c30 Exception <a 'sun/nio/fs/WindowsException'{0x00000000933bbe68}> (0x00000000933bbe68) 
thrown [s\open\src\hotspot\share\prims\jni.cpp, line 516]

VM Operations (20 events):
Event: 15.951 Executing VM operation: HandshakeAllThreads
Event: 15.951 Executing VM operation: HandshakeAllThreads done
Event: 16.602 Executing VM operation: G1CollectForAllocation
Event: 16.615 Executing VM operation: G1CollectForAllocation done
Event: 17.517 Executing VM operation: G1CollectForAllocation
Event: 17.522 Executing VM operation: G1CollectForAllocation done
Event: 17.545 Executing VM operation: G1Concurrent
Event: 17.553 Executing VM operation: G1Concurrent done
Event: 17.562 Executing VM operation: G1Concurrent
Event: 17.562 Executing VM operation: G1Concurrent done
Event: 18.082 Executing VM operation: HandshakeAllThreads
Event: 18.082 Executing VM operation: HandshakeAllThreads done
Event: 18.369 Executing VM operation: ICBufferFull
Event: 18.369 Executing VM operation: ICBufferFull done
Event: 19.370 Executing VM operation: Cleanup
Event: 19.370 Executing VM operation: Cleanup done
Event: 19.554 Executing VM operation: ICBufferFull
Event: 19.554 Executing VM operation: ICBufferFull done
Event: 19.633 Executing VM operation: G1CollectForAllocation
Event: 19.637 Executing VM operation: G1CollectForAllocation done

Events (20 events):
Event: 16.847 loading class java/util/regex/Pattern$NotBehind
Event: 16.847 loading class java/util/regex/Pattern$NotBehind done
Event: 16.924 loading class java/util/Vector$1
Event: 16.925 loading class java/util/Vector$1 done
Event: 17.535 loading class java/util/Collections$UnmodifiableSortedSet
Event: 17.538 loading class java/util/Collections$UnmodifiableSortedSet done
Event: 17.567 loading class java/util/IdentityHashMap$EntrySet
Event: 17.570 loading class java/util/IdentityHashMap$EntrySet done
Event: 17.570 loading class java/util/IdentityHashMap$EntryIterator
Event: 17.570 loading class java/util/IdentityHashMap$EntryIterator done
Event: 17.570 loading class java/util/IdentityHashMap$EntryIterator$Entry
Event: 17.570 loading class java/util/IdentityHashMap$EntryIterator$Entry done
Event: 17.918 loading class java/util/regex/Pattern$SliceI
Event: 17.918 loading class java/util/regex/Pattern$SliceI done
Event: 17.922 loading class java/util/regex/Pattern$Loop
Event: 17.922 loading class java/util/regex/Pattern$Loop done
Event: 17.922 loading class java/util/regex/Pattern$Prolog
Event: 17.922 loading class java/util/regex/Pattern$Prolog done
Event: 18.072 loading class java/util/regex/Pattern$LazyLoop
Event: 18.072 loading class java/util/regex/Pattern$LazyLoop done


Dynamic libraries:
0x00007ff622a30000 - 0x00007ff622a40000 	C:\Users\arena\Downloads\jdk-17.0.12_windows-x64_bin\jdk-17.0.12\bin\java.exe
0x00007ffc24420000 - 0x00007ffc24688000 	C:\WINDOWS\SYSTEM32\ntdll.dll
0x00007ffc22ff0000 - 0x00007ffc230b9000 	C:\WINDOWS\System32\KERNEL32.DLL
0x00007ffc21cb0000 - 0x00007ffc220a8000 	C:\WINDOWS\System32\KERNELBASE.dll
0x00007ffc219e0000 - 0x00007ffc21b2b000 	C:\WINDOWS\System32\ucrtbase.dll
0x00007ffc14b80000 - 0x00007ffc14b99000 	C:\Users\arena\Downloads\jdk-17.0.12_windows-x64_bin\jdk-17.0.12\bin\jli.dll
0x00007ffc242f0000 - 0x00007ffc243a4000 	C:\WINDOWS\System32\ADVAPI32.dll
0x00007ffc22bb0000 - 0x00007ffc22c59000 	C:\WINDOWS\System32\msvcrt.dll
0x00007ffc23b00000 - 0x00007ffc23ba6000 	C:\WINDOWS\System32\sechost.dll
0x00007ffc14b60000 - 0x00007ffc14b7b000 	C:\Users\arena\Downloads\jdk-17.0.12_windows-x64_bin\jdk-17.0.12\bin\VCRUNTIME140.dll
0x00007ffc23ca0000 - 0x00007ffc23db8000 	C:\WINDOWS\System32\RPCRT4.dll
0x00007ffc23fc0000 - 0x00007ffc24187000 	C:\WINDOWS\System32\USER32.dll
0x00007ffc22160000 - 0x00007ffc22187000 	C:\WINDOWS\System32\win32u.dll
0x00007ffc093d0000 - 0x00007ffc09664000 	C:\WINDOWS\WinSxS\amd64_microsoft.windows.common-controls_6595b64144ccf1df_6.0.26100.7019_none_3e06ffa0e335b8a8\COMCTL32.dll
0x00007ffc23dd0000 - 0x00007ffc23dfb000 	C:\WINDOWS\System32\GDI32.dll
0x00007ffc21820000 - 0x00007ffc2194c000 	C:\WINDOWS\System32\gdi32full.dll
0x00007ffc220b0000 - 0x00007ffc22153000 	C:\WINDOWS\System32\msvcp_win.dll
0x00007ffc19bf0000 - 0x00007ffc19bfb000 	C:\WINDOWS\SYSTEM32\VERSION.dll
0x00007ffc222a0000 - 0x00007ffc222d1000 	C:\WINDOWS\System32\IMM32.DLL
0x00007ffc14b50000 - 0x00007ffc14b5c000 	C:\Users\arena\Downloads\jdk-17.0.12_windows-x64_bin\jdk-17.0.12\bin\vcruntime140_1.dll
0x00007ffc08be0000 - 0x00007ffc08c6e000 	C:\Users\arena\Downloads\jdk-17.0.12_windows-x64_bin\jdk-17.0.12\bin\msvcp140.dll
0x00007ffb576a0000 - 0x00007ffb58280000 	C:\Users\arena\Downloads\jdk-17.0.12_windows-x64_bin\jdk-17.0.12\bin\server\jvm.dll
0x00007ffc23360000 - 0x00007ffc23368000 	C:\WINDOWS\System32\PSAPI.DLL
0x00007ffc170f0000 - 0x00007ffc17125000 	C:\WINDOWS\SYSTEM32\WINMM.dll
0x00007ffc01bd0000 - 0x00007ffc01bda000 	C:\WINDOWS\SYSTEM32\WSOCK32.dll
0x00007ffc24190000 - 0x00007ffc24204000 	C:\WINDOWS\System32\WS2_32.dll
0x00007ffc202e0000 - 0x00007ffc202fb000 	C:\WINDOWS\SYSTEM32\kernel.appcore.dll
0x00007ffc14b40000 - 0x00007ffc14b4a000 	C:\Users\arena\Downloads\jdk-17.0.12_windows-x64_bin\jdk-17.0.12\bin\jimage.dll
0x00007ffc17460000 - 0x00007ffc176a2000 	C:\WINDOWS\SYSTEM32\DBGHELP.DLL
0x00007ffc22c60000 - 0x00007ffc22feb000 	C:\WINDOWS\System32\combase.dll
0x00007ffc23510000 - 0x00007ffc235e7000 	C:\WINDOWS\System32\OLEAUT32.dll
0x00007ffc064b0000 - 0x00007ffc064ec000 	C:\WINDOWS\SYSTEM32\dbgcore.DLL
0x00007ffc216b0000 - 0x00007ffc21755000 	C:\WINDOWS\System32\bcryptPrimitives.dll
0x00007ffc14b10000 - 0x00007ffc14b35000 	C:\Users\arena\Downloads\jdk-17.0.12_windows-x64_bin\jdk-17.0.12\bin\java.dll
0x00007ffc08790000 - 0x00007ffc08867000 	C:\Users\arena\Downloads\jdk-17.0.12_windows-x64_bin\jdk-17.0.12\bin\jsvml.dll
0x00007ffc22450000 - 0x00007ffc22b9f000 	C:\WINDOWS\System32\SHELL32.dll
0x00007ffc21540000 - 0x00007ffc216ab000 	C:\WINDOWS\System32\wintypes.dll
0x00007ffc1f120000 - 0x00007ffc1f97d000 	C:\WINDOWS\SYSTEM32\windows.storage.dll
0x00007ffc23ec0000 - 0x00007ffc23fb2000 	C:\WINDOWS\System32\SHCORE.dll
0x00007ffc23c30000 - 0x00007ffc23c97000 	C:\WINDOWS\System32\shlwapi.dll
0x00007ffc21460000 - 0x00007ffc21489000 	C:\WINDOWS\SYSTEM32\profapi.dll
0x00007ffc10040000 - 0x00007ffc10059000 	C:\Users\arena\Downloads\jdk-17.0.12_windows-x64_bin\jdk-17.0.12\bin\net.dll
0x00007ffc1a990000 - 0x00007ffc1aab8000 	C:\WINDOWS\SYSTEM32\WINHTTP.dll
0x00007ffc20870000 - 0x00007ffc208db000 	C:\WINDOWS\system32\mswsock.dll
0x00007ffc10020000 - 0x00007ffc10036000 	C:\Users\arena\Downloads\jdk-17.0.12_windows-x64_bin\jdk-17.0.12\bin\nio.dll
0x00007ffc0d120000 - 0x00007ffc0d138000 	C:\Users\arena\Downloads\jdk-17.0.12_windows-x64_bin\jdk-17.0.12\bin\zip.dll
0x00007ffc08e50000 - 0x00007ffc08e74000 	C:\Users\arena\OneDrive\Escritorio\apache-maven-3.9.11-bin\apache-maven-3.9.11\lib\jansi-native\Windows\x86_64\jansi.dll
0x00007ffc14b00000 - 0x00007ffc14b10000 	C:\Users\arena\Downloads\jdk-17.0.12_windows-x64_bin\jdk-17.0.12\bin\verify.dll

dbghelp: loaded successfully - version: 4.0.5 - missing functions: none
symbol engine: initialized successfully - sym options: 0x614 - pdb path: .;C:\Users\arena\Downloads\jdk-17.0.12_windows-x64_bin\jdk-17.0.12\bin;C:\WINDOWS\SYSTEM32;C:\WINDOWS\WinSxS\amd64_microsoft.windows.common-controls_6595b64144ccf1df_6.0.26100.7019_none_3e06ffa0e335b8a8;C:\Users\arena\Downloads\jdk-17.0.12_windows-x64_bin\jdk-17.0.12\bin\server;C:\Users\arena\OneDrive\Escritorio\apache-maven-3.9.11-bin\apache-maven-3.9.11\lib\jansi-native\Windows\x86_64

VM Arguments:
jvm_args: --enable-native-access=ALL-UNNAMED -Dclassworlds.conf=C:\Users\arena\OneDrive\Escritorio\apache-maven-3.9.11-bin\apache-maven-3.9.11\bin\m2.conf -Dmaven.home=C:\Users\arena\OneDrive\Escritorio\apache-maven-3.9.11-bin\apache-maven-3.9.11 -Dlibrary.jansi.path=C:\Users\arena\OneDrive\Escritorio\apache-maven-3.9.11-bin\apache-maven-3.9.11\lib\jansi-native -Dmaven.multiModuleProjectDirectory=C:\Users\arena\OneDrive\Escritorio\Repositorios proyecto final ciclos\Kappa-Orders-BackEnd 
java_command: org.codehaus.plexus.classworlds.launcher.Launcher spring-boot:run
java_class_path (initial): C:\Users\arena\OneDrive\Escritorio\apache-maven-3.9.11-bin\apache-maven-3.9.11\boot\plexus-classworlds-2.9.0.jar
Launcher Type: SUN_STANDARD

[Global flags]
     intx CICompilerCount                          = 4                                         {product} {ergonomic}
     uint ConcGCThreads                            = 3                                         {product} {ergonomic}
     uint G1ConcRefinementThreads                  = 10                                        {product} {ergonomic}
   size_t G1HeapRegionSize                         = 1048576                                   {product} {ergonomic}
    uintx GCDrainStackTargetSize                   = 64                                        {product} {ergonomic}
   size_t InitialHeapSize                          = 123731968                                 {product} {ergonomic}
   size_t MarkStackSize                            = 4194304                                   {product} {ergonomic}
   size_t MaxHeapSize                              = 1967128576                                {product} {ergonomic}
   size_t MaxNewSize                               = 1179648000                                {product} {ergonomic}
   size_t MinHeapDeltaBytes                        = 1048576                                   {product} {ergonomic}
   size_t MinHeapSize                              = 8388608                                   {product} {ergonomic}
    uintx NonNMethodCodeHeapSize                   = 5839372                                {pd product} {ergonomic}
    uintx NonProfiledCodeHeapSize                  = 122909434                              {pd product} {ergonomic}
    uintx ProfiledCodeHeapSize                     = 122909434                              {pd product} {ergonomic}
    uintx ReservedCodeCacheSize                    = 251658240                              {pd product} {ergonomic}
     bool SegmentedCodeCache                       = true                                      {product} {ergonomic}
   size_t SoftMaxHeapSize                          = 1967128576                             {manageable} {ergonomic}
     bool UseCompressedClassPointers               = true                           {product lp64_product} {ergonomic}
     bool UseCompressedOops                        = true                           {product lp64_product} {ergonomic}
     bool UseG1GC                                  = true                                      {product} {ergonomic}
     bool UseLargePagesIndividualAllocation        = false                                  {pd product} {ergonomic}

Logging:
Log output configuration:
 #0: stdout all=warning uptime,level,tags
 #1: stderr all=off uptime,level,tags

Environment Variables:
JAVA_HOME=C:\Users\arena\Downloads\jdk-17.0.12_windows-x64_bin\jdk-17.0.12
PATH=C:\Program Files (x86)\VMware\VMware Workstation\bin\;C:\app\arena\product\21c\dbhomeXE\bin;C:\WINDOWS\system32;C:\WINDOWS;C:\WINDOWS\System32\Wbem;C:\WINDOWS\System32\WindowsPowerShell\v1.0\;C:\WINDOWS\System32\OpenSSH\;C:\Program Files (x86)\NVIDIA Corporation\PhysX\Common;C:\Program Files\NVIDIA Corporation\NVIDIA NvDLISR;C:\Program Files\dotnet\;C:\MinGW\bin;C:\Users\arena\OneDrive\Escritorio\apache-maven-3.9.11-bin\apache-maven-3.9.11\bin;C:\Program Files\Docker\Docker\resources\bin;C:\Users\arena\Downloads\Docker Desktop Installer.exe;C:\Users\arena\Downloads\jdk-17.0.12_windows-x64_bin\jdk-17.0.12\bin;C:\Users\arena\Downloads\cursor\resources\app\bin;C:\Program Files\Git\cmd;C:\Program Files\nodejs\;C:\Program Files (x86)\VMware\VMware Workstation\bin\;C:\Program Files\Common Files\Oracle\Java\javapath;C:\app\arena\product\21c\dbhomeXE\bin;C:\WINDOWS\system32;C:\WINDOWS;C:\WINDOWS\System32\Wbem;C:\WINDOWS\System32\WindowsPowerShell\v1.0\;C:\WINDOWS\System32\OpenSSH\;C:\Program Files (x86)\NVIDIA Corporation\PhysX\Common;C:\Program Files\NVIDIA Corporation\NVIDIA NvDLISR;C:\Program Files\dotnet\;C:\Program Files\Git\cmd;C:\MinGW\bin;C:\Users\arena\OneDrive\Escritorio\apache-maven-3.9.11-bin\apache-maven-3.9.11\bin;C:\Program Files\Docker\Docker\resources\bin;C:\Users\arena\Downloads\Docker Desktop Installer.exe;C:\Program Files\Eclipse Adoptium\jdk-17\bin;C:\Program Files (x86)\VMware\VMware Workstation\bin\;C:\Program Files\Common Files\Oracle\Java\javapath;C:\app\arena\product\21c\dbhomeXE\bin;C:\WINDOWS\system32;C:\WINDOWS;C:\WINDOWS\System32\Wbem;C:\WINDOWS\System32\WindowsPowerShell\v1.0\;C:\WINDOWS\System32\OpenSSH\;C:\Program Files (x86)\NVIDIA Corporation\PhysX\Common;C:\Program Files\NVIDIA Corpo;C:\Users\arena\AppData\Roaming\npm
USERNAME=arena
OS=Windows_NT
PROCESSOR_IDENTIFIER=AMD64 Family 25 Model 68 Stepping 1, AuthenticAMD



---------------  S Y S T E M  ---------------

OS:
 Windows 11 , 64 bit Build 26100 (10.0.26100.7019)
OS uptime: 7 days 6:26 hours
Hyper-V role detected

CPU: total 12 (initial active 12) (12 cores per cpu, 2 threads per core) family 25 model 68 stepping 1 microcode 0xa404107, cx8, cmov, fxsr, ht, mmx, 3dnowpref, sse, sse2, sse3, ssse3, sse4a, sse4.1, sse4.2, popcnt, lzcnt, tsc, tscinvbit, avx, avx2, aes, erms, clmul, bmi1, bmi2, adx, sha, fma, vzeroupper, clflush, clflushopt, hv

Memory: 4k page, system-wide physical 7498M (200M free)
TotalPageFile size 30026M (AvailPageFile size 23M)
current process WorkingSet (physical memory assigned to process): 213M, peak: 222M
current process commit charge ("private bytes"): 316M, peak: 330M

vm_info: Java HotSpot(TM) 64-Bit Server VM (17.0.12+8-LTS-286) for windows-amd64 JRE (17.0.12+8-LTS-286), built on Jun  5 2024 06:46:59 by "mach5one" with MS VC++ 17.6 (VS2022)

END.
