#
# There is insufficient memory for the Java Runtime Environment to continue.
# Native memory allocation (malloc) failed to allocate 1782368 bytes for Chunk::new
# Possible reasons:
#   The system is out of physical RAM or swap space
#   The process is running with CompressedOops enabled, and the Java Heap may be blocking the growth of the native heap
# Possible solutions:
#   Reduce memory load on the system
#   Increase physical memory or swap space
#   Check if swap backing store is full
#   Decrease Java heap size (-Xmx/-Xms)
#   Decrease number of Java threads
#   Decrease Java thread stack sizes (-Xss)
#   Set larger code cache with -XX:ReservedCodeCacheSize=
#   JVM is running with Unscaled Compressed Oops mode in which the Java heap is
#     placed in the first 4GB address space. The Java Heap base address is the
#     maximum limit for the native heap growth. Please use -XX:HeapBaseMinAddress
#     to set the Java Heap base and to place the Java Heap above 4GB virtual address.
# This output file may be truncated or incomplete.
#
#  Out of Memory Error (arena.cpp:189), pid=11520, tid=38324
#
# JRE version: Java(TM) SE Runtime Environment (17.0.12+8) (build 17.0.12+8-LTS-286)
# Java VM: Java HotSpot(TM) 64-Bit Server VM (17.0.12+8-LTS-286, mixed mode, sharing, tiered, compressed oops, compressed class ptrs, g1 gc, windows-amd64)
# No core dump will be written. Minidumps are not enabled by default on client versions of Windows
#

---------------  S U M M A R Y ------------

Command Line: --enable-native-access=ALL-UNNAMED -Dclassworlds.conf=C:\Users\arena\OneDrive\Escritorio\apache-maven-3.9.11-bin\apache-maven-3.9.11\bin\m2.conf -Dmaven.home=C:\Users\arena\OneDrive\Escritorio\apache-maven-3.9.11-bin\apache-maven-3.9.11 -Dlibrary.jansi.path=C:\Users\arena\OneDrive\Escritorio\apache-maven-3.9.11-bin\apache-maven-3.9.11\lib\jansi-native -Dmaven.multiModuleProjectDirectory=C:\Users\arena\OneDrive\Escritorio\Repositorios proyecto final ciclos\Kappa-Orders-BackEnd org.codehaus.plexus.classworlds.launcher.Launcher spring-boot:run -DskipTests -Dspring-boot.run.skipClean

Host: AMD Ryzen 5 7535HS with Radeon Graphics        , 12 cores, 7G,  Windows 11 , 64 bit Build 26100 (10.0.26100.7019)
Time: Fri Dec 12 21:53:37 2025 Hora est. Pacífico, Sudamérica elapsed time: 12.183009 seconds (0d 0h 0m 12s)

---------------  T H R E A D  ---------------

Current thread (0x000001e8061cba80):  JavaThread "C2 CompilerThread0" daemon [_thread_in_native, id=38324, stack(0x00000045eb500000,0x00000045eb600000)]


Current CompileTask:
C2:  12183 3759   !   4       org.codehaus.plexus.interpolation.StringSearchInterpolator::interpolate (692 bytes)

Stack: [0x00000045eb500000,0x00000045eb600000]
Native frames: (J=compiled Java code, j=interpreted, Vv=VM code, C=native code)
V  [jvm.dll+0x67a04a]
V  [jvm.dll+0x7da4ed]
V  [jvm.dll+0x7dbe33]
V  [jvm.dll+0x7dc4a3]
V  [jvm.dll+0x24508f]
V  [jvm.dll+0xab773]
V  [jvm.dll+0xabd3c]
V  [jvm.dll+0x361bee]
V  [jvm.dll+0x1ba64a]
V  [jvm.dll+0x216997]
V  [jvm.dll+0x215c6f]
V  [jvm.dll+0x1a2960]
V  [jvm.dll+0x22610b]
V  [jvm.dll+0x2242ab]
V  [jvm.dll+0x79075c]
V  [jvm.dll+0x78abea]
V  [jvm.dll+0x678f35]
C  [ucrtbase.dll+0x37b0]
C  [KERNEL32.DLL+0x2e8d7]
C  [ntdll.dll+0x8c53c]


---------------  P R O C E S S  ---------------

Threads class SMR info:
_java_thread_list=0x000001e84c883e80, length=13, elements={
0x000001e866485b30, 0x000001e8061a7ec0, 0x000001e8061a8880, 0x000001e8061c3cd0,
0x000001e8061c4690, 0x000001e8061c57f0, 0x000001e8061c61b0, 0x000001e8061cba80,
0x000001e8061ce490, 0x000001e8061cf630, 0x000001e8067b0520, 0x000001e8067b60c0,
0x000001e84c145350
}

Java Threads: ( => current thread )
  0x000001e866485b30 JavaThread "main" [_thread_in_Java, id=21720, stack(0x00000045ea800000,0x00000045ea900000)]
  0x000001e8061a7ec0 JavaThread "Reference Handler" daemon [_thread_blocked, id=9684, stack(0x00000045eaf00000,0x00000045eb000000)]
  0x000001e8061a8880 JavaThread "Finalizer" daemon [_thread_blocked, id=28812, stack(0x00000045eb000000,0x00000045eb100000)]
  0x000001e8061c3cd0 JavaThread "Signal Dispatcher" daemon [_thread_blocked, id=30880, stack(0x00000045eb100000,0x00000045eb200000)]
  0x000001e8061c4690 JavaThread "Attach Listener" daemon [_thread_blocked, id=40540, stack(0x00000045eb200000,0x00000045eb300000)]
  0x000001e8061c57f0 JavaThread "Service Thread" daemon [_thread_blocked, id=16900, stack(0x00000045eb300000,0x00000045eb400000)]
  0x000001e8061c61b0 JavaThread "Monitor Deflation Thread" daemon [_thread_blocked, id=40628, stack(0x00000045eb400000,0x00000045eb500000)]
=>0x000001e8061cba80 JavaThread "C2 CompilerThread0" daemon [_thread_in_native, id=38324, stack(0x00000045eb500000,0x00000045eb600000)]
  0x000001e8061ce490 JavaThread "C1 CompilerThread0" daemon [_thread_blocked, id=30740, stack(0x00000045eb600000,0x00000045eb700000)]
  0x000001e8061cf630 JavaThread "Sweeper thread" daemon [_thread_blocked, id=27008, stack(0x00000045eb700000,0x00000045eb800000)]
  0x000001e8067b0520 JavaThread "Notification Thread" daemon [_thread_blocked, id=15172, stack(0x00000045eb800000,0x00000045eb900000)]
  0x000001e8067b60c0 JavaThread "Common-Cleaner" daemon [_thread_blocked, id=29444, stack(0x00000045eba00000,0x00000045ebb00000)]
  0x000001e84c145350 JavaThread "Thread-1" daemon [_thread_blocked, id=29324, stack(0x00000045ec400000,0x00000045ec500000)]

Other Threads:
  0x000001e8061a3d80 VMThread "VM Thread" [stack: 0x00000045eae00000,0x00000045eaf00000] [id=23272]
  0x000001e8067b1e20 WatcherThread [stack: 0x00000045eb900000,0x00000045eba00000] [id=26428]
  0x000001e8664dae70 GCTaskThread "GC Thread#0" [stack: 0x00000045ea900000,0x00000045eaa00000] [id=37160]
  0x000001e84c8c2b50 GCTaskThread "GC Thread#1" [stack: 0x00000045ebc00000,0x00000045ebd00000] [id=27804]
  0x000001e84c8ec4c0 GCTaskThread "GC Thread#2" [stack: 0x00000045ebd00000,0x00000045ebe00000] [id=36924]
  0x000001e84c8ec780 GCTaskThread "GC Thread#3" [stack: 0x00000045ebe00000,0x00000045ebf00000] [id=33016]
  0x000001e84c5438c0 GCTaskThread "GC Thread#4" [stack: 0x00000045ebf00000,0x00000045ec000000] [id=12220]
  0x000001e84c543b80 GCTaskThread "GC Thread#5" [stack: 0x00000045ec000000,0x00000045ec100000] [id=17496]
  0x000001e84c61a2c0 GCTaskThread "GC Thread#6" [stack: 0x00000045ec100000,0x00000045ec200000] [id=22492]
  0x000001e84c088de0 GCTaskThread "GC Thread#7" [stack: 0x00000045ec200000,0x00000045ec300000] [id=20988]
  0x000001e84c5f85e0 GCTaskThread "GC Thread#8" [stack: 0x00000045ec300000,0x00000045ec400000] [id=25540]
  0x000001e84c9b51d0 GCTaskThread "GC Thread#9" [stack: 0x00000045ebb00000,0x00000045ebc00000] [id=18628]
  0x000001e8664ebcc0 ConcurrentGCThread "G1 Main Marker" [stack: 0x00000045eaa00000,0x00000045eab00000] [id=5736]
  0x000001e8664ec6d0 ConcurrentGCThread "G1 Conc#0" [stack: 0x00000045eab00000,0x00000045eac00000] [id=13680]
  0x000001e86654dd20 ConcurrentGCThread "G1 Refine#0" [stack: 0x00000045eac00000,0x00000045ead00000] [id=15192]
  0x000001e86654e4f0 ConcurrentGCThread "G1 Service" [stack: 0x00000045ead00000,0x00000045eae00000] [id=33084]

Threads with active compile tasks:
C2 CompilerThread0    12238 3759   !   4       org.codehaus.plexus.interpolation.StringSearchInterpolator::interpolate (692 bytes)

VM state: not at safepoint (normal execution)

VM Mutex/Monitor currently owned by a thread: None

Heap address: 0x000000008ac00000, size: 1876 MB, Compressed Oops mode: 32-bit

CDS archive(s) mapped at: [0x000001e807000000-0x000001e807bd0000-0x000001e807bd0000), size 12386304, SharedBaseAddress: 0x000001e807000000, ArchiveRelocationMode: 1.
Compressed class space mapped at: 0x000001e808000000-0x000001e848000000, reserved size: 1073741824
Narrow klass base: 0x000001e807000000, Narrow klass shift: 0, Narrow klass range: 0x100000000

GC Precious Log:
 CPUs: 12 total, 12 available
 Memory: 7498M
 Large Page Support: Disabled
 NUMA Support: Disabled
 Compressed Oops: Enabled (32-bit)
 Heap Region Size: 1M
 Heap Min Capacity: 8M
 Heap Initial Capacity: 118M
 Heap Max Capacity: 1876M
 Pre-touch: Disabled
 Parallel Workers: 10
 Concurrent Workers: 3
 Concurrent Refinement Workers: 10
 Periodic GC: Disabled

Heap:
 garbage-first heap   total 120832K, used 34151K [0x000000008ac00000, 0x0000000100000000)
  region size 1024K, 31 young (31744K), 9 survivors (9216K)
 Metaspace       used 15779K, committed 16064K, reserved 1114112K
  class space    used 1859K, committed 1984K, reserved 1048576K

Heap Regions: E=young(eden), S=young(survivor), O=old, HS=humongous(starts), HC=humongous(continues), CS=collection set, F=free, OA=open archive, CA=closed archive, TAMS=top-at-mark-start (previous, next)
|   0|0x000000008ac00000, 0x000000008ad00000, 0x000000008ad00000|100%| O|  |TAMS 0x000000008ac00000, 0x000000008ac00000| Untracked 
|   1|0x000000008ad00000, 0x000000008ae00000, 0x000000008ae00000|100%| O|  |TAMS 0x000000008ad00000, 0x000000008ad00000| Untracked 
|   2|0x000000008ae00000, 0x000000008af00000, 0x000000008af00000|100%| O|  |TAMS 0x000000008ae00000, 0x000000008ae00000| Untracked 
|   3|0x000000008af00000, 0x000000008afa8600, 0x000000008b000000| 65%| O|  |TAMS 0x000000008af00000, 0x000000008af00000| Untracked 
|   4|0x000000008b000000, 0x000000008b000000, 0x000000008b100000|  0%| F|  |TAMS 0x000000008b000000, 0x000000008b000000| Untracked 
|   5|0x000000008b100000, 0x000000008b100000, 0x000000008b200000|  0%| F|  |TAMS 0x000000008b100000, 0x000000008b100000| Untracked 
|   6|0x000000008b200000, 0x000000008b200000, 0x000000008b300000|  0%| F|  |TAMS 0x000000008b200000, 0x000000008b200000| Untracked 
|   7|0x000000008b300000, 0x000000008b300000, 0x000000008b400000|  0%| F|  |TAMS 0x000000008b300000, 0x000000008b300000| Untracked 
|   8|0x000000008b400000, 0x000000008b400000, 0x000000008b500000|  0%| F|  |TAMS 0x000000008b400000, 0x000000008b400000| Untracked 
|   9|0x000000008b500000, 0x000000008b500000, 0x000000008b600000|  0%| F|  |TAMS 0x000000008b500000, 0x000000008b500000| Untracked 
|  10|0x000000008b600000, 0x000000008b600000, 0x000000008b700000|  0%| F|  |TAMS 0x000000008b600000, 0x000000008b600000| Untracked 
|  11|0x000000008b700000, 0x000000008b700000, 0x000000008b800000|  0%| F|  |TAMS 0x000000008b700000, 0x000000008b700000| Untracked 
|  12|0x000000008b800000, 0x000000008b800000, 0x000000008b900000|  0%| F|  |TAMS 0x000000008b800000, 0x000000008b800000| Untracked 
|  13|0x000000008b900000, 0x000000008b900000, 0x000000008ba00000|  0%| F|  |TAMS 0x000000008b900000, 0x000000008b900000| Untracked 
|  14|0x000000008ba00000, 0x000000008ba00000, 0x000000008bb00000|  0%| F|  |TAMS 0x000000008ba00000, 0x000000008ba00000| Untracked 
|  15|0x000000008bb00000, 0x000000008bb00000, 0x000000008bc00000|  0%| F|  |TAMS 0x000000008bb00000, 0x000000008bb00000| Untracked 
|  16|0x000000008bc00000, 0x000000008bc00000, 0x000000008bd00000|  0%| F|  |TAMS 0x000000008bc00000, 0x000000008bc00000| Untracked 
|  17|0x000000008bd00000, 0x000000008bd00000, 0x000000008be00000|  0%| F|  |TAMS 0x000000008bd00000, 0x000000008bd00000| Untracked 
|  18|0x000000008be00000, 0x000000008be00000, 0x000000008bf00000|  0%| F|  |TAMS 0x000000008be00000, 0x000000008be00000| Untracked 
|  19|0x000000008bf00000, 0x000000008bf00000, 0x000000008c000000|  0%| F|  |TAMS 0x000000008bf00000, 0x000000008bf00000| Untracked 
|  20|0x000000008c000000, 0x000000008c000000, 0x000000008c100000|  0%| F|  |TAMS 0x000000008c000000, 0x000000008c000000| Untracked 
|  21|0x000000008c100000, 0x000000008c100000, 0x000000008c200000|  0%| F|  |TAMS 0x000000008c100000, 0x000000008c100000| Untracked 
|  22|0x000000008c200000, 0x000000008c200000, 0x000000008c300000|  0%| F|  |TAMS 0x000000008c200000, 0x000000008c200000| Untracked 
|  23|0x000000008c300000, 0x000000008c300000, 0x000000008c400000|  0%| F|  |TAMS 0x000000008c300000, 0x000000008c300000| Untracked 
|  24|0x000000008c400000, 0x000000008c400000, 0x000000008c500000|  0%| F|  |TAMS 0x000000008c400000, 0x000000008c400000| Untracked 
|  25|0x000000008c500000, 0x000000008c500000, 0x000000008c600000|  0%| F|  |TAMS 0x000000008c500000, 0x000000008c500000| Untracked 
|  26|0x000000008c600000, 0x000000008c600000, 0x000000008c700000|  0%| F|  |TAMS 0x000000008c600000, 0x000000008c600000| Untracked 
|  27|0x000000008c700000, 0x000000008c700000, 0x000000008c800000|  0%| F|  |TAMS 0x000000008c700000, 0x000000008c700000| Untracked 
|  28|0x000000008c800000, 0x000000008c800000, 0x000000008c900000|  0%| F|  |TAMS 0x000000008c800000, 0x000000008c800000| Untracked 
|  29|0x000000008c900000, 0x000000008c900000, 0x000000008ca00000|  0%| F|  |TAMS 0x000000008c900000, 0x000000008c900000| Untracked 
|  30|0x000000008ca00000, 0x000000008ca00000, 0x000000008cb00000|  0%| F|  |TAMS 0x000000008ca00000, 0x000000008ca00000| Untracked 
|  31|0x000000008cb00000, 0x000000008cb00000, 0x000000008cc00000|  0%| F|  |TAMS 0x000000008cb00000, 0x000000008cb00000| Untracked 
|  32|0x000000008cc00000, 0x000000008cc00000, 0x000000008cd00000|  0%| F|  |TAMS 0x000000008cc00000, 0x000000008cc00000| Untracked 
|  33|0x000000008cd00000, 0x000000008cd00000, 0x000000008ce00000|  0%| F|  |TAMS 0x000000008cd00000, 0x000000008cd00000| Untracked 
|  34|0x000000008ce00000, 0x000000008ce00000, 0x000000008cf00000|  0%| F|  |TAMS 0x000000008ce00000, 0x000000008ce00000| Untracked 
|  35|0x000000008cf00000, 0x000000008cf00000, 0x000000008d000000|  0%| F|  |TAMS 0x000000008cf00000, 0x000000008cf00000| Untracked 
|  36|0x000000008d000000, 0x000000008d000000, 0x000000008d100000|  0%| F|  |TAMS 0x000000008d000000, 0x000000008d000000| Untracked 
|  37|0x000000008d100000, 0x000000008d100000, 0x000000008d200000|  0%| F|  |TAMS 0x000000008d100000, 0x000000008d100000| Untracked 
|  38|0x000000008d200000, 0x000000008d200000, 0x000000008d300000|  0%| F|  |TAMS 0x000000008d200000, 0x000000008d200000| Untracked 
|  39|0x000000008d300000, 0x000000008d3b1720, 0x000000008d400000| 69%| S|CS|TAMS 0x000000008d300000, 0x000000008d300000| Complete 
|  40|0x000000008d400000, 0x000000008d500000, 0x000000008d500000|100%| S|CS|TAMS 0x000000008d400000, 0x000000008d400000| Complete 
|  41|0x000000008d500000, 0x000000008d600000, 0x000000008d600000|100%| S|CS|TAMS 0x000000008d500000, 0x000000008d500000| Complete 
|  42|0x000000008d600000, 0x000000008d700000, 0x000000008d700000|100%| S|CS|TAMS 0x000000008d600000, 0x000000008d600000| Complete 
|  43|0x000000008d700000, 0x000000008d800000, 0x000000008d800000|100%| S|CS|TAMS 0x000000008d700000, 0x000000008d700000| Complete 
|  44|0x000000008d800000, 0x000000008d900000, 0x000000008d900000|100%| S|CS|TAMS 0x000000008d800000, 0x000000008d800000| Complete 
|  45|0x000000008d900000, 0x000000008da00000, 0x000000008da00000|100%| S|CS|TAMS 0x000000008d900000, 0x000000008d900000| Complete 
|  46|0x000000008da00000, 0x000000008db00000, 0x000000008db00000|100%| S|CS|TAMS 0x000000008da00000, 0x000000008da00000| Complete 
|  47|0x000000008db00000, 0x000000008dc00000, 0x000000008dc00000|100%| S|CS|TAMS 0x000000008db00000, 0x000000008db00000| Complete 
|  48|0x000000008dc00000, 0x000000008dc00000, 0x000000008dd00000|  0%| F|  |TAMS 0x000000008dc00000, 0x000000008dc00000| Untracked 
|  49|0x000000008dd00000, 0x000000008dd00000, 0x000000008de00000|  0%| F|  |TAMS 0x000000008dd00000, 0x000000008dd00000| Untracked 
|  50|0x000000008de00000, 0x000000008de00000, 0x000000008df00000|  0%| F|  |TAMS 0x000000008de00000, 0x000000008de00000| Untracked 
|  51|0x000000008df00000, 0x000000008df00000, 0x000000008e000000|  0%| F|  |TAMS 0x000000008df00000, 0x000000008df00000| Untracked 
|  52|0x000000008e000000, 0x000000008e000000, 0x000000008e100000|  0%| F|  |TAMS 0x000000008e000000, 0x000000008e000000| Untracked 
|  53|0x000000008e100000, 0x000000008e100000, 0x000000008e200000|  0%| F|  |TAMS 0x000000008e100000, 0x000000008e100000| Untracked 
|  54|0x000000008e200000, 0x000000008e200000, 0x000000008e300000|  0%| F|  |TAMS 0x000000008e200000, 0x000000008e200000| Untracked 
|  55|0x000000008e300000, 0x000000008e300000, 0x000000008e400000|  0%| F|  |TAMS 0x000000008e300000, 0x000000008e300000| Untracked 
|  56|0x000000008e400000, 0x000000008e400000, 0x000000008e500000|  0%| F|  |TAMS 0x000000008e400000, 0x000000008e400000| Untracked 
|  57|0x000000008e500000, 0x000000008e500000, 0x000000008e600000|  0%| F|  |TAMS 0x000000008e500000, 0x000000008e500000| Untracked 
|  58|0x000000008e600000, 0x000000008e600000, 0x000000008e700000|  0%| F|  |TAMS 0x000000008e600000, 0x000000008e600000| Untracked 
|  59|0x000000008e700000, 0x000000008e700000, 0x000000008e800000|  0%| F|  |TAMS 0x000000008e700000, 0x000000008e700000| Untracked 
|  60|0x000000008e800000, 0x000000008e800000, 0x000000008e900000|  0%| F|  |TAMS 0x000000008e800000, 0x000000008e800000| Untracked 
|  61|0x000000008e900000, 0x000000008e900000, 0x000000008ea00000|  0%| F|  |TAMS 0x000000008e900000, 0x000000008e900000| Untracked 
|  62|0x000000008ea00000, 0x000000008ea00000, 0x000000008eb00000|  0%| F|  |TAMS 0x000000008ea00000, 0x000000008ea00000| Untracked 
|  63|0x000000008eb00000, 0x000000008eb00000, 0x000000008ec00000|  0%| F|  |TAMS 0x000000008eb00000, 0x000000008eb00000| Untracked 
|  64|0x000000008ec00000, 0x000000008ec00000, 0x000000008ed00000|  0%| F|  |TAMS 0x000000008ec00000, 0x000000008ec00000| Untracked 
|  65|0x000000008ed00000, 0x000000008ed00000, 0x000000008ee00000|  0%| F|  |TAMS 0x000000008ed00000, 0x000000008ed00000| Untracked 
|  66|0x000000008ee00000, 0x000000008ee00000, 0x000000008ef00000|  0%| F|  |TAMS 0x000000008ee00000, 0x000000008ee00000| Untracked 
|  67|0x000000008ef00000, 0x000000008ef00000, 0x000000008f000000|  0%| F|  |TAMS 0x000000008ef00000, 0x000000008ef00000| Untracked 
|  68|0x000000008f000000, 0x000000008f000000, 0x000000008f100000|  0%| F|  |TAMS 0x000000008f000000, 0x000000008f000000| Untracked 
|  69|0x000000008f100000, 0x000000008f100000, 0x000000008f200000|  0%| F|  |TAMS 0x000000008f100000, 0x000000008f100000| Untracked 
|  70|0x000000008f200000, 0x000000008f200000, 0x000000008f300000|  0%| F|  |TAMS 0x000000008f200000, 0x000000008f200000| Untracked 
|  71|0x000000008f300000, 0x000000008f300000, 0x000000008f400000|  0%| F|  |TAMS 0x000000008f300000, 0x000000008f300000| Untracked 
|  72|0x000000008f400000, 0x000000008f400000, 0x000000008f500000|  0%| F|  |TAMS 0x000000008f400000, 0x000000008f400000| Untracked 
|  73|0x000000008f500000, 0x000000008f500000, 0x000000008f600000|  0%| F|  |TAMS 0x000000008f500000, 0x000000008f500000| Untracked 
|  74|0x000000008f600000, 0x000000008f600000, 0x000000008f700000|  0%| F|  |TAMS 0x000000008f600000, 0x000000008f600000| Untracked 
|  75|0x000000008f700000, 0x000000008f700000, 0x000000008f800000|  0%| F|  |TAMS 0x000000008f700000, 0x000000008f700000| Untracked 
|  76|0x000000008f800000, 0x000000008f800000, 0x000000008f900000|  0%| F|  |TAMS 0x000000008f800000, 0x000000008f800000| Untracked 
|  77|0x000000008f900000, 0x000000008f900000, 0x000000008fa00000|  0%| F|  |TAMS 0x000000008f900000, 0x000000008f900000| Untracked 
|  78|0x000000008fa00000, 0x000000008fa00000, 0x000000008fb00000|  0%| F|  |TAMS 0x000000008fa00000, 0x000000008fa00000| Untracked 
|  79|0x000000008fb00000, 0x000000008fb00000, 0x000000008fc00000|  0%| F|  |TAMS 0x000000008fb00000, 0x000000008fb00000| Untracked 
|  80|0x000000008fc00000, 0x000000008fc00000, 0x000000008fd00000|  0%| F|  |TAMS 0x000000008fc00000, 0x000000008fc00000| Untracked 
|  81|0x000000008fd00000, 0x000000008fd00000, 0x000000008fe00000|  0%| F|  |TAMS 0x000000008fd00000, 0x000000008fd00000| Untracked 
|  82|0x000000008fe00000, 0x000000008fe00000, 0x000000008ff00000|  0%| F|  |TAMS 0x000000008fe00000, 0x000000008fe00000| Untracked 
|  83|0x000000008ff00000, 0x000000008ff00000, 0x0000000090000000|  0%| F|  |TAMS 0x000000008ff00000, 0x000000008ff00000| Untracked 
|  84|0x0000000090000000, 0x0000000090000000, 0x0000000090100000|  0%| F|  |TAMS 0x0000000090000000, 0x0000000090000000| Untracked 
|  85|0x0000000090100000, 0x0000000090100000, 0x0000000090200000|  0%| F|  |TAMS 0x0000000090100000, 0x0000000090100000| Untracked 
|  86|0x0000000090200000, 0x0000000090200000, 0x0000000090300000|  0%| F|  |TAMS 0x0000000090200000, 0x0000000090200000| Untracked 
|  87|0x0000000090300000, 0x0000000090300000, 0x0000000090400000|  0%| F|  |TAMS 0x0000000090300000, 0x0000000090300000| Untracked 
|  88|0x0000000090400000, 0x0000000090400000, 0x0000000090500000|  0%| F|  |TAMS 0x0000000090400000, 0x0000000090400000| Untracked 
|  89|0x0000000090500000, 0x0000000090500000, 0x0000000090600000|  0%| F|  |TAMS 0x0000000090500000, 0x0000000090500000| Untracked 
|  90|0x0000000090600000, 0x0000000090600000, 0x0000000090700000|  0%| F|  |TAMS 0x0000000090600000, 0x0000000090600000| Untracked 
|  91|0x0000000090700000, 0x0000000090700000, 0x0000000090800000|  0%| F|  |TAMS 0x0000000090700000, 0x0000000090700000| Untracked 
|  92|0x0000000090800000, 0x0000000090800000, 0x0000000090900000|  0%| F|  |TAMS 0x0000000090800000, 0x0000000090800000| Untracked 
|  93|0x0000000090900000, 0x0000000090900000, 0x0000000090a00000|  0%| F|  |TAMS 0x0000000090900000, 0x0000000090900000| Untracked 
|  94|0x0000000090a00000, 0x0000000090a00000, 0x0000000090b00000|  0%| F|  |TAMS 0x0000000090a00000, 0x0000000090a00000| Untracked 
|  95|0x0000000090b00000, 0x0000000090b00000, 0x0000000090c00000|  0%| F|  |TAMS 0x0000000090b00000, 0x0000000090b00000| Untracked 
|  96|0x0000000090c00000, 0x0000000090d00000, 0x0000000090d00000|100%| E|  |TAMS 0x0000000090c00000, 0x0000000090c00000| Complete 
|  97|0x0000000090d00000, 0x0000000090e00000, 0x0000000090e00000|100%| E|CS|TAMS 0x0000000090d00000, 0x0000000090d00000| Complete 
|  98|0x0000000090e00000, 0x0000000090f00000, 0x0000000090f00000|100%| E|CS|TAMS 0x0000000090e00000, 0x0000000090e00000| Complete 
|  99|0x0000000090f00000, 0x0000000091000000, 0x0000000091000000|100%| E|CS|TAMS 0x0000000090f00000, 0x0000000090f00000| Complete 
| 100|0x0000000091000000, 0x0000000091100000, 0x0000000091100000|100%| E|CS|TAMS 0x0000000091000000, 0x0000000091000000| Complete 
| 101|0x0000000091100000, 0x0000000091200000, 0x0000000091200000|100%| E|CS|TAMS 0x0000000091100000, 0x0000000091100000| Complete 
| 102|0x0000000091200000, 0x0000000091300000, 0x0000000091300000|100%| E|CS|TAMS 0x0000000091200000, 0x0000000091200000| Complete 
| 103|0x0000000091300000, 0x0000000091400000, 0x0000000091400000|100%| E|CS|TAMS 0x0000000091300000, 0x0000000091300000| Complete 
| 104|0x0000000091400000, 0x0000000091500000, 0x0000000091500000|100%| E|CS|TAMS 0x0000000091400000, 0x0000000091400000| Complete 
| 105|0x0000000091500000, 0x0000000091600000, 0x0000000091600000|100%| E|CS|TAMS 0x0000000091500000, 0x0000000091500000| Complete 
| 106|0x0000000091600000, 0x0000000091700000, 0x0000000091700000|100%| E|CS|TAMS 0x0000000091600000, 0x0000000091600000| Complete 
| 107|0x0000000091700000, 0x0000000091800000, 0x0000000091800000|100%| E|CS|TAMS 0x0000000091700000, 0x0000000091700000| Complete 
| 108|0x0000000091800000, 0x0000000091900000, 0x0000000091900000|100%| E|CS|TAMS 0x0000000091800000, 0x0000000091800000| Complete 
| 109|0x0000000091900000, 0x0000000091a00000, 0x0000000091a00000|100%| E|CS|TAMS 0x0000000091900000, 0x0000000091900000| Complete 
| 110|0x0000000091a00000, 0x0000000091b00000, 0x0000000091b00000|100%| E|CS|TAMS 0x0000000091a00000, 0x0000000091a00000| Complete 
| 111|0x0000000091b00000, 0x0000000091c00000, 0x0000000091c00000|100%| E|CS|TAMS 0x0000000091b00000, 0x0000000091b00000| Complete 
| 112|0x0000000091c00000, 0x0000000091d00000, 0x0000000091d00000|100%| E|CS|TAMS 0x0000000091c00000, 0x0000000091c00000| Complete 
| 113|0x0000000091d00000, 0x0000000091e00000, 0x0000000091e00000|100%| E|CS|TAMS 0x0000000091d00000, 0x0000000091d00000| Complete 
| 114|0x0000000091e00000, 0x0000000091f00000, 0x0000000091f00000|100%| E|CS|TAMS 0x0000000091e00000, 0x0000000091e00000| Complete 
| 115|0x0000000091f00000, 0x0000000092000000, 0x0000000092000000|100%| E|CS|TAMS 0x0000000091f00000, 0x0000000091f00000| Complete 
| 116|0x0000000092000000, 0x0000000092100000, 0x0000000092100000|100%| E|CS|TAMS 0x0000000092000000, 0x0000000092000000| Complete 
| 117|0x0000000092100000, 0x0000000092200000, 0x0000000092200000|100%| E|CS|TAMS 0x0000000092100000, 0x0000000092100000| Complete 

Card table byte_map: [0x000001e87f540000,0x000001e87f8f0000] _byte_map_base: 0x000001e87f0ea000

Marking Bits (Prev, Next): (CMBitMap*) 0x000001e8664db490, (CMBitMap*) 0x000001e8664db4d0
 Prev Bits: [0x000001e800000000, 0x000001e801d50000)
 Next Bits: [0x000001e801d50000, 0x000001e803aa0000)

Polling page: 0x000001e866410000

Metaspace:

Usage:
  Non-class:     13.59 MB used.
      Class:      1.82 MB used.
       Both:     15.41 MB used.

Virtual space:
  Non-class space:       64.00 MB reserved,      13.75 MB ( 21%) committed,  1 nodes.
      Class space:        1.00 GB reserved,       1.94 MB ( <1%) committed,  1 nodes.
             Both:        1.06 GB reserved,      15.69 MB (  1%) committed. 

Chunk freelists:
   Non-Class:  1.78 MB
       Class:  13.93 MB
        Both:  15.72 MB

MaxMetaspaceSize: unlimited
CompressedClassSpaceSize: 1.00 GB
Initial GC threshold: 21.00 MB
Current GC threshold: 21.00 MB
CDS: on
MetaspaceReclaimPolicy: balanced
 - commit_granule_bytes: 65536.
 - commit_granule_words: 8192.
 - virtual_space_node_default_size: 8388608.
 - enlarge_chunks_in_place: 1.
 - new_chunks_are_fully_committed: 0.
 - uncommit_free_chunks: 1.
 - use_allocation_guard: 0.
 - handle_deallocations: 1.


Internal statistics:

num_allocs_failed_limit: 0.
num_arena_births: 104.
num_arena_deaths: 0.
num_vsnodes_births: 2.
num_vsnodes_deaths: 0.
num_space_committed: 251.
num_space_uncommitted: 0.
num_chunks_returned_to_freelist: 0.
num_chunks_taken_from_freelist: 651.
num_chunk_merges: 0.
num_chunk_splits: 446.
num_chunks_enlarged: 357.
num_inconsistent_stats: 0.

CodeHeap 'non-profiled nmethods': size=120000Kb used=1733Kb max_used=1733Kb free=118266Kb
 bounds [0x000001e876fe0000, 0x000001e877250000, 0x000001e87e510000]
CodeHeap 'profiled nmethods': size=120000Kb used=8277Kb max_used=8277Kb free=111722Kb
 bounds [0x000001e86f510000, 0x000001e86fd30000, 0x000001e876a40000]
CodeHeap 'non-nmethods': size=5760Kb used=1180Kb max_used=1213Kb free=4579Kb
 bounds [0x000001e876a40000, 0x000001e876cb0000, 0x000001e876fe0000]
 total_blobs=4402 nmethods=3930 adapters=384
 compilation: enabled
              stopped_count=0, restarted_count=0
 full_count=0

Compilation events (20 events):
Event: 11.145 Thread 0x000001e8061ce490 nmethod 3897 0x000001e87718ee10 code [0x000001e87718efa0, 0x000001e87718f078]
Event: 11.145 Thread 0x000001e8061ce490 3898       1       org.eclipse.aether.collection.DependencyManagement::getExclusions (5 bytes)
Event: 11.145 Thread 0x000001e8061ce490 nmethod 3898 0x000001e87718f110 code [0x000001e87718f2a0, 0x000001e87718f378]
Event: 11.149 Thread 0x000001e8061ce490 3900   !   3       java.lang.Class::getEnumConstantsShared (71 bytes)
Event: 11.150 Thread 0x000001e8061ce490 nmethod 3900 0x000001e86fcf5e90 code [0x000001e86fcf61c0, 0x000001e86fcf75d8]
Event: 11.154 Thread 0x000001e8061ce490 3901       3       org.apache.maven.model.io.xpp3.MavenXpp3Reader::parseModel (1606 bytes)
Event: 11.163 Thread 0x000001e8061ce490 nmethod 3901 0x000001e86fcf7e10 code [0x000001e86fcf8fa0, 0x000001e86fd031e8]
Event: 11.163 Thread 0x000001e8061ce490 3903       3       org.apache.maven.model.building.DefaultModelBuilder$$Lambda$133/0x000001e8081ae6a0::<init> (20 bytes)
Event: 11.163 Thread 0x000001e8061ce490 nmethod 3903 0x000001e86fd06090 code [0x000001e86fd06240, 0x000001e86fd064b8]
Event: 11.163 Thread 0x000001e8061ce490 3904       3       org.apache.maven.model.interpolation.StringVisitorModelInterpolator$ModelVisitor::visit (107 bytes)
Event: 11.164 Thread 0x000001e8061ce490 nmethod 3904 0x000001e86fd06590 code [0x000001e86fd067c0, 0x000001e86fd073f8]
Event: 11.164 Thread 0x000001e8061ce490 3905       1       org.apache.maven.model.Exclusion::getGroupId (5 bytes)
Event: 11.164 Thread 0x000001e8061ce490 nmethod 3905 0x000001e87718f410 code [0x000001e87718f5a0, 0x000001e87718f678]
Event: 11.164 Thread 0x000001e8061ce490 3906       1       org.apache.maven.model.Exclusion::getArtifactId (5 bytes)
Event: 11.164 Thread 0x000001e8061ce490 nmethod 3906 0x000001e87718f710 code [0x000001e87718f8a0, 0x000001e87718f978]
Event: 11.164 Thread 0x000001e8061ce490 3902       1       org.apache.maven.model.Organization::setUrl (6 bytes)
Event: 11.164 Thread 0x000001e8061ce490 nmethod 3902 0x000001e87718fa10 code [0x000001e87718fba0, 0x000001e87718fcb8]
Event: 11.194 Thread 0x000001e8061ce490 3907       1       org.apache.maven.model.building.ModelCacheTag$1::getName (3 bytes)
Event: 11.194 Thread 0x000001e8061ce490 nmethod 3907 0x000001e87718fd10 code [0x000001e87718fea0, 0x000001e87718ff78]
Event: 11.223 Thread 0x000001e8061ce490 3908       3       org.eclipse.aether.internal.impl.DefaultRemoteRepositoryManager::aggregateRepositories (357 bytes)

GC Heap History (6 events):
Event: 3.382 GC heap before
{Heap before GC invocations=0 (full 0):
 garbage-first heap   total 120832K, used 23552K [0x000000008ac00000, 0x0000000100000000)
  region size 1024K, 23 young (23552K), 0 survivors (0K)
 Metaspace       used 5424K, committed 5632K, reserved 1114112K
  class space    used 653K, committed 768K, reserved 1048576K
}
Event: 3.394 GC heap after
{Heap after GC invocations=1 (full 0):
 garbage-first heap   total 120832K, used 3800K [0x000000008ac00000, 0x0000000100000000)
  region size 1024K, 3 young (3072K), 3 survivors (3072K)
 Metaspace       used 5424K, committed 5632K, reserved 1114112K
  class space    used 653K, committed 768K, reserved 1048576K
}
Event: 5.534 GC heap before
{Heap before GC invocations=1 (full 0):
 garbage-first heap   total 120832K, used 34520K [0x000000008ac00000, 0x0000000100000000)
  region size 1024K, 33 young (33792K), 3 survivors (3072K)
 Metaspace       used 9135K, committed 9344K, reserved 1114112K
  class space    used 1108K, committed 1216K, reserved 1048576K
}
Event: 5.547 GC heap after
{Heap after GC invocations=2 (full 0):
 garbage-first heap   total 120832K, used 5591K [0x000000008ac00000, 0x0000000100000000)
  region size 1024K, 2 young (2048K), 2 survivors (2048K)
 Metaspace       used 9135K, committed 9344K, reserved 1114112K
  class space    used 1108K, committed 1216K, reserved 1048576K
}
Event: 10.273 GC heap before
{Heap before GC invocations=2 (full 0):
 garbage-first heap   total 120832K, used 75223K [0x000000008ac00000, 0x0000000100000000)
  region size 1024K, 70 young (71680K), 2 survivors (2048K)
 Metaspace       used 15535K, committed 15744K, reserved 1114112K
  class space    used 1855K, committed 1920K, reserved 1048576K
}
Event: 10.305 GC heap after
{Heap after GC invocations=3 (full 0):
 garbage-first heap   total 120832K, used 12647K [0x000000008ac00000, 0x0000000100000000)
  region size 1024K, 9 young (9216K), 9 survivors (9216K)
 Metaspace       used 15535K, committed 15744K, reserved 1114112K
  class space    used 1855K, committed 1920K, reserved 1048576K
}

Deoptimization events (20 events):
Event: 10.564 Thread 0x000001e866485b30 DEOPT PACKING pc=0x000001e8770ea728 sp=0x00000045ea8fbf90
Event: 10.564 Thread 0x000001e866485b30 DEOPT UNPACKING pc=0x000001e876a923a3 sp=0x00000045ea8fbee8 mode 2
Event: 10.688 Thread 0x000001e866485b30 Uncommon trap: trap_request=0xffffff76 fr.pc=0x000001e877131fa4 relative=0x0000000000000764
Event: 10.688 Thread 0x000001e866485b30 Uncommon trap: reason=predicate action=maybe_recompile pc=0x000001e877131fa4 method=java.nio.charset.CharsetDecoder.decode(Ljava/nio/ByteBuffer;Ljava/nio/CharBuffer;Z)Ljava/nio/charset/CoderResult; @ 54 c2
Event: 10.688 Thread 0x000001e866485b30 DEOPT PACKING pc=0x000001e877131fa4 sp=0x00000045ea8fbe20
Event: 10.688 Thread 0x000001e866485b30 DEOPT UNPACKING pc=0x000001e876a923a3 sp=0x00000045ea8fbd58 mode 2
Event: 10.689 Thread 0x000001e866485b30 Uncommon trap: trap_request=0xffffff76 fr.pc=0x000001e87704c628 relative=0x0000000000000288
Event: 10.689 Thread 0x000001e866485b30 Uncommon trap: reason=predicate action=maybe_recompile pc=0x000001e87704c628 method=java.nio.charset.CharsetDecoder.decode(Ljava/nio/ByteBuffer;Ljava/nio/CharBuffer;Z)Ljava/nio/charset/CoderResult; @ 54 c2
Event: 10.689 Thread 0x000001e866485b30 DEOPT PACKING pc=0x000001e87704c628 sp=0x00000045ea8fbd90
Event: 10.689 Thread 0x000001e866485b30 DEOPT UNPACKING pc=0x000001e876a923a3 sp=0x00000045ea8fbd50 mode 2
Event: 10.714 Thread 0x000001e866485b30 Uncommon trap: trap_request=0xffffff45 fr.pc=0x000001e877177694 relative=0x0000000000000334
Event: 10.714 Thread 0x000001e866485b30 Uncommon trap: reason=unstable_if action=reinterpret pc=0x000001e877177694 method=org.apache.maven.model.ConfigurationContainer.getLocation(Ljava/lang/Object;)Lorg/apache/maven/model/InputLocation; @ 18 c2
Event: 10.714 Thread 0x000001e866485b30 DEOPT PACKING pc=0x000001e877177694 sp=0x00000045ea8fbd80
Event: 10.714 Thread 0x000001e866485b30 DEOPT UNPACKING pc=0x000001e876a923a3 sp=0x00000045ea8fbd20 mode 2
Event: 10.799 Thread 0x000001e866485b30 Uncommon trap: trap_request=0xffffffde fr.pc=0x000001e8770273a4 relative=0x0000000000000f84
Event: 10.799 Thread 0x000001e866485b30 Uncommon trap: reason=class_check action=maybe_recompile pc=0x000001e8770273a4 method=java.util.concurrent.ConcurrentHashMap.putVal(Ljava/lang/Object;Ljava/lang/Object;Z)Ljava/lang/Object; @ 242 c2
Event: 10.799 Thread 0x000001e866485b30 DEOPT PACKING pc=0x000001e8770273a4 sp=0x00000045ea8fc5a0
Event: 10.799 Thread 0x000001e866485b30 DEOPT UNPACKING pc=0x000001e876a923a3 sp=0x00000045ea8fc510 mode 2
Event: 10.850 Thread 0x000001e866485b30 DEOPT PACKING pc=0x000001e86f56eac3 sp=0x00000045ea8fc360
Event: 10.850 Thread 0x000001e866485b30 DEOPT UNPACKING pc=0x000001e876a92b43 sp=0x00000045ea8fb880 mode 0

Classes unloaded (0 events):
No events

Classes redefined (0 events):
No events

Internal exceptions (20 events):
Event: 2.777 Thread 0x000001e866485b30 Exception <a 'java/lang/NoSuchMethodError'{0x000000009112b8f0}: 'int java.lang.invoke.DirectMethodHandle$Holder.invokeSpecialIFC(java.lang.Object, java.lang.Object, java.lang.Object, java.lang.Object, java.lang.Object)'> (0x000000009112b8f0) 
thrown [s\open\src\hotspot\share\interpreter\linkResolver.cpp, line 759]
Event: 3.013 Thread 0x000001e866485b30 Exception <a 'java/lang/NoSuchMethodError'{0x00000000910e5bc8}: 'java.lang.Object java.lang.invoke.DirectMethodHandle$Holder.newInvokeSpecial(java.lang.Object, java.lang.Object, java.lang.Object, java.lang.Object, java.lang.Object)'> (0x00000000910e5bc8) 
thrown [s\open\src\hotspot\share\interpreter\linkResolver.cpp, line 759]
Event: 3.114 Thread 0x000001e866485b30 Exception <a 'java/lang/NoSuchMethodError'{0x0000000090e0e1f0}: 'int java.lang.invoke.DirectMethodHandle$Holder.invokeStaticInit(java.lang.Object, java.lang.Object)'> (0x0000000090e0e1f0) 
thrown [s\open\src\hotspot\share\interpreter\linkResolver.cpp, line 759]
Event: 3.148 Thread 0x000001e866485b30 Exception <a 'java/lang/NoClassDefFoundError'{0x0000000090e48110}: javax/enterprise/inject/Typed> (0x0000000090e48110) 
thrown [s\open\src\hotspot\share\classfile\systemDictionary.cpp, line 245]
Event: 6.045 Thread 0x000001e866485b30 Exception <a 'java/lang/NoSuchMethodError'{0x0000000091a43d78}: 'void java.lang.invoke.DirectMethodHandle$Holder.invokeStaticInit(java.lang.Object, java.lang.Object, java.lang.Object)'> (0x0000000091a43d78) 
thrown [s\open\src\hotspot\share\interpreter\linkResolver.cpp, line 759]
Event: 6.064 Thread 0x000001e866485b30 Exception <a 'java/lang/ExceptionInInitializerError'{0x0000000091a71e58}> (0x0000000091a71e58) 
thrown [s\open\src\hotspot\share\oops\instanceKlass.cpp, line 1216]
Event: 6.095 Thread 0x000001e866485b30 Implicit null exception at 0x000001e87705a4af to 0x000001e87705a60c
Event: 6.100 Thread 0x000001e866485b30 Exception <a 'java/lang/NoSuchMethodError'{0x0000000091adb340}: 'java.lang.Object java.lang.invoke.Invokers$Holder.invokeExact_MT(java.lang.Object, int, java.lang.Object)'> (0x0000000091adb340) 
thrown [s\open\src\hotspot\share\interpreter\linkResolver.cpp, line 759]
Event: 6.165 Thread 0x000001e866485b30 Exception <a 'java/lang/NoSuchMethodError'{0x00000000919473d0}: 'int java.lang.invoke.DirectMethodHandle$Holder.invokeSpecial(java.lang.Object, java.lang.Object, java.lang.Object, java.lang.Object)'> (0x00000000919473d0) 
thrown [s\open\src\hotspot\share\interpreter\linkResolver.cpp, line 759]
Event: 6.902 Thread 0x000001e866485b30 Exception <a 'java/lang/NoClassDefFoundError'{0x000000009100b400}: com/google/inject/servlet/ServletModuleTargetVisitor> (0x000000009100b400) 
thrown [s\open\src\hotspot\share\classfile\systemDictionary.cpp, line 245]
Event: 7.138 Thread 0x000001e866485b30 Exception <a 'java/lang/NoSuchMethodError'{0x0000000090fa5290}: 'void java.lang.invoke.DirectMethodHandle$Holder.invokeVirtual(java.lang.Object, java.lang.Object)'> (0x0000000090fa5290) 
thrown [s\open\src\hotspot\share\interpreter\linkResolver.cpp, line 759]
Event: 7.187 Thread 0x000001e866485b30 Exception <a 'java/lang/NoSuchMethodError'{0x0000000090e1e268}: 'java.lang.Object java.lang.invoke.DirectMethodHandle$Holder.invokeStaticInit(java.lang.Object, int, int, int, int)'> (0x0000000090e1e268) 
thrown [s\open\src\hotspot\share\interpreter\linkResolver.cpp, line 759]
Event: 7.697 Thread 0x000001e866485b30 Implicit null exception at 0x000001e877004372 to 0x000001e87700493c
Event: 7.697 Thread 0x000001e866485b30 Implicit null exception at 0x000001e8770022f2 to 0x000001e8770028cc
Event: 7.792 Thread 0x000001e866485b30 Exception <a 'java/lang/NoSuchMethodError'{0x000000009080d960}: 'void java.lang.invoke.DirectMethodHandle$Holder.invokeSpecial(java.lang.Object, java.lang.Object, java.lang.Object, java.lang.Object, java.lang.Object)'> (0x000000009080d960) 
thrown [s\open\src\hotspot\share\interpreter\linkResolver.cpp, line 759]
Event: 7.802 Thread 0x000001e866485b30 Exception <a 'java/lang/NoSuchMethodError'{0x000000009082afe8}: 'void java.lang.invoke.DirectMethodHandle$Holder.invokeSpecial(java.lang.Object, java.lang.Object, java.lang.Object, java.lang.Object, java.lang.Object, java.lang.Object)'> (0x000000009082afe8) 
thrown [s\open\src\hotspot\share\interpreter\linkResolver.cpp, line 759]
Event: 7.830 Thread 0x000001e866485b30 Exception <a 'java/lang/NoSuchMethodError'{0x000000009071d4e8}: 'java.lang.Object java.lang.invoke.DirectMethodHandle$Holder.invokeVirtual(java.lang.Object, java.lang.Object, java.lang.Object)'> (0x000000009071d4e8) 
thrown [s\open\src\hotspot\share\interpreter\linkResolver.cpp, line 759]
Event: 9.477 Thread 0x000001e866485b30 Implicit null exception at 0x000001e8771107b2 to 0x000001e8771108a4
Event: 9.478 Thread 0x000001e866485b30 Implicit null exception at 0x000001e87708ebea to 0x000001e87708edb4
Event: 9.478 Thread 0x000001e866485b30 Implicit null exception at 0x000001e877108858 to 0x000001e8771088ee

VM Operations (20 events):
Event: 7.165 Executing VM operation: HandshakeAllThreads done
Event: 7.250 Executing VM operation: HandshakeAllThreads
Event: 7.250 Executing VM operation: HandshakeAllThreads done
Event: 7.558 Executing VM operation: HandshakeAllThreads
Event: 7.558 Executing VM operation: HandshakeAllThreads done
Event: 7.563 Executing VM operation: HandshakeAllThreads
Event: 7.563 Executing VM operation: HandshakeAllThreads done
Event: 7.839 Executing VM operation: ICBufferFull
Event: 7.840 Executing VM operation: ICBufferFull done
Event: 8.464 Executing VM operation: ICBufferFull
Event: 8.464 Executing VM operation: ICBufferFull done
Event: 9.464 Executing VM operation: Cleanup
Event: 9.465 Executing VM operation: Cleanup done
Event: 9.790 Executing VM operation: HandshakeAllThreads
Event: 9.790 Executing VM operation: HandshakeAllThreads done
Event: 9.936 Executing VM operation: ICBufferFull
Event: 9.937 Executing VM operation: ICBufferFull done
Event: 10.272 Executing VM operation: G1CollectForAllocation
Event: 10.305 Executing VM operation: G1CollectForAllocation done
Event: 11.306 Executing VM operation: Cleanup

Events (20 events):
Event: 7.863 loading class java/util/spi/ResourceBundleProvider done
Event: 7.863 loading class sun/util/resources/LocaleData$LocaleDataResourceBundleProvider done
Event: 7.863 loading class sun/util/resources/LocaleData$CommonResourceBundleProvider done
Event: 7.864 loading class sun/util/resources/Bundles$2
Event: 7.864 loading class sun/util/resources/Bundles$2 done
Event: 8.062 loading class java/util/stream/Streams$RangeIntSpliterator
Event: 8.063 loading class java/util/stream/Streams$RangeIntSpliterator done
Event: 8.275 Thread 0x000001e806998820 Thread exited: 0x000001e806998820
Event: 9.184 loading class java/util/stream/MatchOps$MatchKind
Event: 9.188 loading class java/util/stream/MatchOps$MatchKind done
Event: 9.189 loading class java/util/stream/MatchOps
Event: 9.191 loading class java/util/stream/MatchOps done
Event: 9.191 loading class java/util/stream/MatchOps$MatchOp
Event: 9.191 loading class java/util/stream/MatchOps$MatchOp done
Event: 9.191 loading class java/util/stream/MatchOps$BooleanTerminalSink
Event: 9.193 loading class java/util/stream/MatchOps$BooleanTerminalSink done
Event: 9.193 loading class java/util/stream/MatchOps$1MatchSink
Event: 9.196 loading class java/util/stream/MatchOps$1MatchSink done
Event: 10.687 loading class sun/nio/cs/ISO_8859_1$Decoder
Event: 10.688 loading class sun/nio/cs/ISO_8859_1$Decoder done


Dynamic libraries:
0x00007ff643cd0000 - 0x00007ff643ce0000 	C:\Users\arena\Downloads\jdk-17.0.12_windows-x64_bin\jdk-17.0.12\bin\java.exe
0x00007ffc24420000 - 0x00007ffc24688000 	C:\WINDOWS\SYSTEM32\ntdll.dll
0x00007ffc22ff0000 - 0x00007ffc230b9000 	C:\WINDOWS\System32\KERNEL32.DLL
0x00007ffc21cb0000 - 0x00007ffc220a8000 	C:\WINDOWS\System32\KERNELBASE.dll
0x00007ffc219e0000 - 0x00007ffc21b2b000 	C:\WINDOWS\System32\ucrtbase.dll
0x00007ffc08e20000 - 0x00007ffc08e3b000 	C:\Users\arena\Downloads\jdk-17.0.12_windows-x64_bin\jdk-17.0.12\bin\VCRUNTIME140.dll
0x00007ffc08b50000 - 0x00007ffc08b69000 	C:\Users\arena\Downloads\jdk-17.0.12_windows-x64_bin\jdk-17.0.12\bin\jli.dll
0x00007ffc242f0000 - 0x00007ffc243a4000 	C:\WINDOWS\System32\ADVAPI32.dll
0x00007ffc22bb0000 - 0x00007ffc22c59000 	C:\WINDOWS\System32\msvcrt.dll
0x00007ffc23b00000 - 0x00007ffc23ba6000 	C:\WINDOWS\System32\sechost.dll
0x00007ffc23ca0000 - 0x00007ffc23db8000 	C:\WINDOWS\System32\RPCRT4.dll
0x00007ffc23fc0000 - 0x00007ffc24187000 	C:\WINDOWS\System32\USER32.dll
0x00007ffc093d0000 - 0x00007ffc09664000 	C:\WINDOWS\WinSxS\amd64_microsoft.windows.common-controls_6595b64144ccf1df_6.0.26100.7019_none_3e06ffa0e335b8a8\COMCTL32.dll
0x00007ffc22160000 - 0x00007ffc22187000 	C:\WINDOWS\System32\win32u.dll
0x00007ffc23dd0000 - 0x00007ffc23dfb000 	C:\WINDOWS\System32\GDI32.dll
0x00007ffc21820000 - 0x00007ffc2194c000 	C:\WINDOWS\System32\gdi32full.dll
0x00007ffc220b0000 - 0x00007ffc22153000 	C:\WINDOWS\System32\msvcp_win.dll
0x00007ffc19bf0000 - 0x00007ffc19bfb000 	C:\WINDOWS\SYSTEM32\VERSION.dll
0x00007ffc222a0000 - 0x00007ffc222d1000 	C:\WINDOWS\System32\IMM32.DLL
0x00007ffc0e0a0000 - 0x00007ffc0e0ac000 	C:\Users\arena\Downloads\jdk-17.0.12_windows-x64_bin\jdk-17.0.12\bin\vcruntime140_1.dll
0x00007ffbd7960000 - 0x00007ffbd79ee000 	C:\Users\arena\Downloads\jdk-17.0.12_windows-x64_bin\jdk-17.0.12\bin\msvcp140.dll
0x00007ffb64aa0000 - 0x00007ffb65680000 	C:\Users\arena\Downloads\jdk-17.0.12_windows-x64_bin\jdk-17.0.12\bin\server\jvm.dll
0x00007ffc23360000 - 0x00007ffc23368000 	C:\WINDOWS\System32\PSAPI.DLL
0x00007ffc170f0000 - 0x00007ffc17125000 	C:\WINDOWS\SYSTEM32\WINMM.dll
0x00007ffc01bd0000 - 0x00007ffc01bda000 	C:\WINDOWS\SYSTEM32\WSOCK32.dll
0x00007ffc24190000 - 0x00007ffc24204000 	C:\WINDOWS\System32\ws2_32.DLL
0x00007ffc202e0000 - 0x00007ffc202fb000 	C:\WINDOWS\SYSTEM32\kernel.appcore.dll
0x00007ffc0d2d0000 - 0x00007ffc0d2da000 	C:\Users\arena\Downloads\jdk-17.0.12_windows-x64_bin\jdk-17.0.12\bin\jimage.dll
0x00007ffc17460000 - 0x00007ffc176a2000 	C:\WINDOWS\SYSTEM32\DBGHELP.DLL
0x00007ffc22c60000 - 0x00007ffc22feb000 	C:\WINDOWS\System32\combase.dll
0x00007ffc23510000 - 0x00007ffc235e7000 	C:\WINDOWS\System32\OLEAUT32.dll
0x00007ffc064b0000 - 0x00007ffc064ec000 	C:\WINDOWS\SYSTEM32\dbgcore.DLL
0x00007ffc216b0000 - 0x00007ffc21755000 	C:\WINDOWS\System32\bcryptPrimitives.dll
0x00007ffc08b20000 - 0x00007ffc08b45000 	C:\Users\arena\Downloads\jdk-17.0.12_windows-x64_bin\jdk-17.0.12\bin\java.dll
0x00007ffbc3d30000 - 0x00007ffbc3e07000 	C:\Users\arena\Downloads\jdk-17.0.12_windows-x64_bin\jdk-17.0.12\bin\jsvml.dll
0x00007ffc22450000 - 0x00007ffc22b9f000 	C:\WINDOWS\System32\SHELL32.dll
0x00007ffc21540000 - 0x00007ffc216ab000 	C:\WINDOWS\System32\wintypes.dll
0x00007ffc1f120000 - 0x00007ffc1f97d000 	C:\WINDOWS\SYSTEM32\windows.storage.dll
0x00007ffc23ec0000 - 0x00007ffc23fb2000 	C:\WINDOWS\System32\SHCORE.dll
0x00007ffc23c30000 - 0x00007ffc23c97000 	C:\WINDOWS\System32\shlwapi.dll
0x00007ffc21460000 - 0x00007ffc21489000 	C:\WINDOWS\SYSTEM32\profapi.dll
0x00007ffc089a0000 - 0x00007ffc089b9000 	C:\Users\arena\Downloads\jdk-17.0.12_windows-x64_bin\jdk-17.0.12\bin\net.dll
0x00007ffc1a990000 - 0x00007ffc1aab8000 	C:\WINDOWS\SYSTEM32\WINHTTP.dll
0x00007ffc20870000 - 0x00007ffc208db000 	C:\WINDOWS\system32\mswsock.dll
0x00007ffc08980000 - 0x00007ffc08996000 	C:\Users\arena\Downloads\jdk-17.0.12_windows-x64_bin\jdk-17.0.12\bin\nio.dll
0x00007ffbf5c30000 - 0x00007ffbf5c48000 	C:\Users\arena\Downloads\jdk-17.0.12_windows-x64_bin\jdk-17.0.12\bin\zip.dll
0x00007ffbee070000 - 0x00007ffbee094000 	C:\Users\arena\OneDrive\Escritorio\apache-maven-3.9.11-bin\apache-maven-3.9.11\lib\jansi-native\Windows\x86_64\jansi.dll
0x00007ffc07ec0000 - 0x00007ffc07ed0000 	C:\Users\arena\Downloads\jdk-17.0.12_windows-x64_bin\jdk-17.0.12\bin\verify.dll

dbghelp: loaded successfully - version: 4.0.5 - missing functions: none
symbol engine: initialized successfully - sym options: 0x614 - pdb path: .;C:\Users\arena\Downloads\jdk-17.0.12_windows-x64_bin\jdk-17.0.12\bin;C:\WINDOWS\SYSTEM32;C:\WINDOWS\WinSxS\amd64_microsoft.windows.common-controls_6595b64144ccf1df_6.0.26100.7019_none_3e06ffa0e335b8a8;C:\Users\arena\Downloads\jdk-17.0.12_windows-x64_bin\jdk-17.0.12\bin\server;C:\Users\arena\OneDrive\Escritorio\apache-maven-3.9.11-bin\apache-maven-3.9.11\lib\jansi-native\Windows\x86_64

VM Arguments:
jvm_args: --enable-native-access=ALL-UNNAMED -Dclassworlds.conf=C:\Users\arena\OneDrive\Escritorio\apache-maven-3.9.11-bin\apache-maven-3.9.11\bin\m2.conf -Dmaven.home=C:\Users\arena\OneDrive\Escritorio\apache-maven-3.9.11-bin\apache-maven-3.9.11 -Dlibrary.jansi.path=C:\Users\arena\OneDrive\Escritorio\apache-maven-3.9.11-bin\apache-maven-3.9.11\lib\jansi-native -Dmaven.multiModuleProjectDirectory=C:\Users\arena\OneDrive\Escritorio\Repositorios proyecto final ciclos\Kappa-Orders-BackEnd 
java_command: org.codehaus.plexus.classworlds.launcher.Launcher spring-boot:run -DskipTests -Dspring-boot.run.skipClean
java_class_path (initial): C:\Users\arena\OneDrive\Escritorio\apache-maven-3.9.11-bin\apache-maven-3.9.11\boot\plexus-classworlds-2.9.0.jar
Launcher Type: SUN_STANDARD

[Global flags]
     intx CICompilerCount                          = 4                                         {product} {ergonomic}
     uint ConcGCThreads                            = 3                                         {product} {ergonomic}
     uint G1ConcRefinementThreads                  = 10                                        {product} {ergonomic}
   size_t G1HeapRegionSize                         = 1048576                                   {product} {ergonomic}
    uintx GCDrainStackTargetSize                   = 64                                        {product} {ergonomic}
   size_t InitialHeapSize                          = 123731968                                 {product} {ergonomic}
   size_t MarkStackSize                            = 4194304                                   {product} {ergonomic}
   size_t MaxHeapSize                              = 1967128576                                {product} {ergonomic}
   size_t MaxNewSize                               = 1179648000                                {product} {ergonomic}
   size_t MinHeapDeltaBytes                        = 1048576                                   {product} {ergonomic}
   size_t MinHeapSize                              = 8388608                                   {product} {ergonomic}
    uintx NonNMethodCodeHeapSize                   = 5839372                                {pd product} {ergonomic}
    uintx NonProfiledCodeHeapSize                  = 122909434                              {pd product} {ergonomic}
    uintx ProfiledCodeHeapSize                     = 122909434                              {pd product} {ergonomic}
    uintx ReservedCodeCacheSize                    = 251658240                              {pd product} {ergonomic}
     bool SegmentedCodeCache                       = true                                      {product} {ergonomic}
   size_t SoftMaxHeapSize                          = 1967128576                             {manageable} {ergonomic}
     bool UseCompressedClassPointers               = true                           {product lp64_product} {ergonomic}
     bool UseCompressedOops                        = true                           {product lp64_product} {ergonomic}
     bool UseG1GC                                  = true                                      {product} {ergonomic}
     bool UseLargePagesIndividualAllocation        = false                                  {pd product} {ergonomic}

Logging:
Log output configuration:
 #0: stdout all=warning uptime,level,tags
 #1: stderr all=off uptime,level,tags

Environment Variables:
JAVA_HOME=C:\Users\arena\Downloads\jdk-17.0.12_windows-x64_bin\jdk-17.0.12
PATH=C:\Program Files (x86)\VMware\VMware Workstation\bin\;C:\app\arena\product\21c\dbhomeXE\bin;C:\WINDOWS\system32;C:\WINDOWS;C:\WINDOWS\System32\Wbem;C:\WINDOWS\System32\WindowsPowerShell\v1.0\;C:\WINDOWS\System32\OpenSSH\;C:\Program Files (x86)\NVIDIA Corporation\PhysX\Common;C:\Program Files\NVIDIA Corporation\NVIDIA NvDLISR;C:\Program Files\dotnet\;C:\MinGW\bin;C:\Users\arena\OneDrive\Escritorio\apache-maven-3.9.11-bin\apache-maven-3.9.11\bin;C:\Program Files\Docker\Docker\resources\bin;C:\Users\arena\Downloads\Docker Desktop Installer.exe;C:\Users\arena\Downloads\jdk-17.0.12_windows-x64_bin\jdk-17.0.12\bin;C:\Users\arena\Downloads\cursor\resources\app\bin;C:\Program Files\Git\cmd;C:\Program Files\nodejs\;C:\Program Files (x86)\VMware\VMware Workstation\bin\;C:\Program Files\Common Files\Oracle\Java\javapath;C:\app\arena\product\21c\dbhomeXE\bin;C:\WINDOWS\system32;C:\WINDOWS;C:\WINDOWS\System32\Wbem;C:\WINDOWS\System32\WindowsPowerShell\v1.0\;C:\WINDOWS\System32\OpenSSH\;C:\Program Files (x86)\NVIDIA Corporation\PhysX\Common;C:\Program Files\NVIDIA Corporation\NVIDIA NvDLISR;C:\Program Files\dotnet\;C:\Program Files\Git\cmd;C:\MinGW\bin;C:\Users\arena\OneDrive\Escritorio\apache-maven-3.9.11-bin\apache-maven-3.9.11\bin;C:\Program Files\Docker\Docker\resources\bin;C:\Users\arena\Downloads\Docker Desktop Installer.exe;C:\Program Files\Eclipse Adoptium\jdk-17\bin;C:\Program Files (x86)\VMware\VMware Workstation\bin\;C:\Program Files\Common Files\Oracle\Java\javapath;C:\app\arena\product\21c\dbhomeXE\bin;C:\WINDOWS\system32;C:\WINDOWS;C:\WINDOWS\System32\Wbem;C:\WINDOWS\System32\WindowsPowerShell\v1.0\;C:\WINDOWS\System32\OpenSSH\;C:\Program Files (x86)\NVIDIA Corporation\PhysX\Common;C:\Program Files\NVIDIA Corpo;C:\Users\arena\AppData\Roaming\npm
USERNAME=arena
OS=Windows_NT
PROCESSOR_IDENTIFIER=AMD64 Family 25 Model 68 Stepping 1, AuthenticAMD



---------------  S Y S T E M  ---------------

OS:
 Windows 11 , 64 bit Build 26100 (10.0.26100.7019)
OS uptime: 7 days 6:57 hours
Hyper-V role detected

CPU: total 12 (initial active 12) (12 cores per cpu, 2 threads per core) family 25 model 68 stepping 1 microcode 0xa404107, cx8, cmov, fxsr, ht, mmx, 3dnowpref, sse, sse2, sse3, ssse3, sse4a, sse4.1, sse4.2, popcnt, lzcnt, tsc, tscinvbit, avx, avx2, aes, erms, clmul, bmi1, bmi2, adx, sha, fma, vzeroupper, clflush, clflushopt, hv

Memory: 4k page, system-wide physical 7498M (79M free)
TotalPageFile size 30026M (AvailPageFile size 13M)
current process WorkingSet (physical memory assigned to process): 94M, peak: 132M
current process commit charge ("private bytes"): 255M, peak: 256M

vm_info: Java HotSpot(TM) 64-Bit Server VM (17.0.12+8-LTS-286) for windows-amd64 JRE (17.0.12+8-LTS-286), built on Jun  5 2024 06:46:59 by "mach5one" with MS VC++ 17.6 (VS2022)

END.
